Archive member included to satisfy reference by file (symbol)

c:/program files (x86)/atmel/studio/7.0/toolchain/arm/arm-gnu-toolchain/bin/../lib/gcc/arm-none-eabi/6.3.1/../../../../arm-none-eabi/lib/thumb/v7e-m\libc.a(lib_a-exit.o)
                              c:/program files (x86)/atmel/studio/7.0/toolchain/arm/arm-gnu-toolchain/bin/../lib/gcc/arm-none-eabi/6.3.1/../../../../arm-none-eabi/lib/thumb/v7e-m/crt0.o (exit)
c:/program files (x86)/atmel/studio/7.0/toolchain/arm/arm-gnu-toolchain/bin/../lib/gcc/arm-none-eabi/6.3.1/../../../../arm-none-eabi/lib/thumb/v7e-m\libc.a(lib_a-impure.o)
                              c:/program files (x86)/atmel/studio/7.0/toolchain/arm/arm-gnu-toolchain/bin/../lib/gcc/arm-none-eabi/6.3.1/../../../../arm-none-eabi/lib/thumb/v7e-m\libc.a(lib_a-exit.o) (_global_impure_ptr)
c:/program files (x86)/atmel/studio/7.0/toolchain/arm/arm-gnu-toolchain/bin/../lib/gcc/arm-none-eabi/6.3.1/../../../../arm-none-eabi/lib/thumb/v7e-m\libc.a(lib_a-init.o)
                              c:/program files (x86)/atmel/studio/7.0/toolchain/arm/arm-gnu-toolchain/bin/../lib/gcc/arm-none-eabi/6.3.1/../../../../arm-none-eabi/lib/thumb/v7e-m/crt0.o (__libc_init_array)
c:/program files (x86)/atmel/studio/7.0/toolchain/arm/arm-gnu-toolchain/bin/../lib/gcc/arm-none-eabi/6.3.1/../../../../arm-none-eabi/lib/thumb/v7e-m\libc.a(lib_a-memset.o)
                              c:/program files (x86)/atmel/studio/7.0/toolchain/arm/arm-gnu-toolchain/bin/../lib/gcc/arm-none-eabi/6.3.1/../../../../arm-none-eabi/lib/thumb/v7e-m/crt0.o (memset)
c:/program files (x86)/atmel/studio/7.0/toolchain/arm/arm-gnu-toolchain/bin/../lib/gcc/arm-none-eabi/6.3.1/../../../../arm-none-eabi/lib/thumb/v7e-m\libc.a(lib_a-__call_atexit.o)
                              c:/program files (x86)/atmel/studio/7.0/toolchain/arm/arm-gnu-toolchain/bin/../lib/gcc/arm-none-eabi/6.3.1/../../../../arm-none-eabi/lib/thumb/v7e-m\libc.a(lib_a-exit.o) (__call_exitprocs)
c:/program files (x86)/atmel/studio/7.0/toolchain/arm/arm-gnu-toolchain/bin/../lib/gcc/arm-none-eabi/6.3.1/../../../../arm-none-eabi/lib/thumb/v7e-m\libc.a(lib_a-atexit.o)
                              c:/program files (x86)/atmel/studio/7.0/toolchain/arm/arm-gnu-toolchain/bin/../lib/gcc/arm-none-eabi/6.3.1/../../../../arm-none-eabi/lib/thumb/v7e-m\libc.a(lib_a-__call_atexit.o) (atexit)
c:/program files (x86)/atmel/studio/7.0/toolchain/arm/arm-gnu-toolchain/bin/../lib/gcc/arm-none-eabi/6.3.1/../../../../arm-none-eabi/lib/thumb/v7e-m\libc.a(lib_a-fini.o)
                              c:/program files (x86)/atmel/studio/7.0/toolchain/arm/arm-gnu-toolchain/bin/../lib/gcc/arm-none-eabi/6.3.1/../../../../arm-none-eabi/lib/thumb/v7e-m\libc.a(lib_a-__call_atexit.o) (__libc_fini_array)
c:/program files (x86)/atmel/studio/7.0/toolchain/arm/arm-gnu-toolchain/bin/../lib/gcc/arm-none-eabi/6.3.1/../../../../arm-none-eabi/lib/thumb/v7e-m\libc.a(lib_a-lock.o)
                              c:/program files (x86)/atmel/studio/7.0/toolchain/arm/arm-gnu-toolchain/bin/../lib/gcc/arm-none-eabi/6.3.1/../../../../arm-none-eabi/lib/thumb/v7e-m\libc.a(lib_a-__call_atexit.o) (__retarget_lock_acquire_recursive)
c:/program files (x86)/atmel/studio/7.0/toolchain/arm/arm-gnu-toolchain/bin/../lib/gcc/arm-none-eabi/6.3.1/../../../../arm-none-eabi/lib/thumb/v7e-m\libc.a(lib_a-__atexit.o)
                              c:/program files (x86)/atmel/studio/7.0/toolchain/arm/arm-gnu-toolchain/bin/../lib/gcc/arm-none-eabi/6.3.1/../../../../arm-none-eabi/lib/thumb/v7e-m\libc.a(lib_a-atexit.o) (__register_exitproc)

Allocating common symbols
Common symbol       size              file

__lock___atexit_recursive_mutex
                    0x1               c:/program files (x86)/atmel/studio/7.0/toolchain/arm/arm-gnu-toolchain/bin/../lib/gcc/arm-none-eabi/6.3.1/../../../../arm-none-eabi/lib/thumb/v7e-m\libc.a(lib_a-lock.o)
__lock___arc4random_mutex
                    0x1               c:/program files (x86)/atmel/studio/7.0/toolchain/arm/arm-gnu-toolchain/bin/../lib/gcc/arm-none-eabi/6.3.1/../../../../arm-none-eabi/lib/thumb/v7e-m\libc.a(lib_a-lock.o)
__lock___env_recursive_mutex
                    0x1               c:/program files (x86)/atmel/studio/7.0/toolchain/arm/arm-gnu-toolchain/bin/../lib/gcc/arm-none-eabi/6.3.1/../../../../arm-none-eabi/lib/thumb/v7e-m\libc.a(lib_a-lock.o)
__lock___sinit_recursive_mutex
                    0x1               c:/program files (x86)/atmel/studio/7.0/toolchain/arm/arm-gnu-toolchain/bin/../lib/gcc/arm-none-eabi/6.3.1/../../../../arm-none-eabi/lib/thumb/v7e-m\libc.a(lib_a-lock.o)
__lock___malloc_recursive_mutex
                    0x1               c:/program files (x86)/atmel/studio/7.0/toolchain/arm/arm-gnu-toolchain/bin/../lib/gcc/arm-none-eabi/6.3.1/../../../../arm-none-eabi/lib/thumb/v7e-m\libc.a(lib_a-lock.o)
pio_capture_enable_flag
                    0x4               src/ASF/sam/drivers/pio/pio.o
__lock___at_quick_exit_mutex
[...]
Memory Configuration

Name             Origin             Length             Attributes
rom              0x00400000         0x00200000         xr
ram              0x20400000         0x00060000         xrw
*default*        0x00000000         0xffffffff

Linker script and memory map

LOAD c:/program files (x86)/atmel/studio/7.0/toolchain/arm/arm-gnu-toolchain/bin/../lib/gcc/arm-none-eabi/6.3.1/thumb/v7e-m/crti.o
LOAD c:/program files (x86)/atmel/studio/7.0/toolchain/arm/arm-gnu-toolchain/bin/../lib/gcc/arm-none-eabi/6.3.1/thumb/v7e-m/crtbegin.o
LOAD c:/program files (x86)/atmel/studio/7.0/toolchain/arm/arm-gnu-toolchain/bin/../lib/gcc/arm-none-eabi/6.3.1/../../../../arm-none-eabi/lib/thumb/v7e-m/crt0.o
LOAD src/ASF/common/services/clock/samv71/sysclk.o
LOAD src/ASF/common/services/delay/sam/cycle_counter.o
LOAD src/ASF/common/utils/interrupt/interrupt_sam_nvic.o
LOAD src/ASF/sam/boards/samv71_xplained_ultra/init.o
LOAD src/ASF/sam/drivers/mpu/mpu.o
LOAD src/ASF/sam/drivers/pio/pio.o
LOAD src/ASF/sam/drivers/pio/pio_handler.o
LOAD src/ASF/sam/drivers/pmc/pmc.o
LOAD src/ASF/sam/drivers/pmc/sleep.o
LOAD src/ASF/sam/utils/cmsis/samv71/source/templates/gcc/startup_samv71.o
LOAD src/ASF/sam/utils/cmsis/samv71/source/templates/system_samv71.o
LOAD src/ASF/sam/utils/syscalls/gcc/syscalls.o
LOAD src/ioport_example1.o
START GROUP
LOAD ../src/ASF/thirdparty/CMSIS/Lib/GCC\libarm_cortexM7lfsp_math_softfp.a
LOAD c:/program files (x86)/atmel/studio/7.0/toolchain/arm/arm-gnu-toolchain/bin/../lib/gcc/arm-none-eabi/6.3.1/../../../../arm-none-eabi/lib/thumb/v7e-m\libm.a
END GROUP
START GROUP
LOAD c:/program files (x86)/atmel/studio/7.0/toolchain/arm/arm-gnu-toolchain/bin/../lib/gcc/arm-none-eabi/6.3.1/thumb/v7e-m\libgcc.a
LOAD c:/program files (x86)/atmel/studio/7.0/toolchain/arm/arm-gnu-toolchain/bin/../lib/gcc/arm-none-eabi/6.3.1/../../../../arm-none-eabi/lib/thumb/v7e-m\libc.a
END GROUP
LOAD c:/program files (x86)/atmel/studio/7.0/toolchain/arm/arm-gnu-toolchain/bin/../lib/gcc/arm-none-eabi/6.3.1/thumb/v7e-m/crtend.o
LOAD c:/program files (x86)/atmel/studio/7.0/toolchain/arm/arm-gnu-toolchain/bin/../lib/gcc/arm-none-eabi/6.3.1/thumb/v7e-m/crtn.o
                0x00002000                STACK_SIZE = DEFINED (STACK_SIZE)?STACK_SIZE:0x2000
                0x2045fffc                __ram_end__ = ((ORIGIN (ram) + LENGTH (ram)) - 0x4)
                0x00000200                HEAP_SIZE = DEFINED (HEAP_SIZE)?HEAP_SIZE:0x200

.text           0x00400000      0xa20
                0x00400000                . = ALIGN (0x4)
                0x00400000                _sfixed = .
 *(.vectors .vectors.*)
 .vectors       0x00400000      0x140 src/ASF/sam/utils/cmsis/samv71/source/templates/gcc/startup_samv71.o
                0x00400000                exception_table
 *(.text .text.* .gnu.linkonce.t.*)
 .text          0x00400140       0x6c c:/program files (x86)/atmel/studio/7.0/toolchain/arm/arm-gnu-toolchain/bin/../lib/gcc/arm-none-eabi/6.3.1/thumb/v7e-m/crtbegin.o
 .text.sysclk_init
                0x004001ac       0x70 src/ASF/common/services/clock/samv71/sysclk.o
                0x004001ac                sysclk_init
 .text.board_init
                0x0040021c      0x148 src/ASF/sam/boards/samv71_xplained_ultra/init.o
                0x0040021c                board_init
 .text.pio_get_interrupt_status
                0x00400364        0x4 src/ASF/sam/drivers/pio/pio.o
                0x00400364                pio_get_interrupt_status
 .text.pio_get_interrupt_mask
                0x00400368        0x4 src/ASF/sam/drivers/pio/pio.o
                0x00400368                pio_get_interrupt_mask
 .text.pio_handler_process
                0x0040036c       0x50 src/ASF/sam/drivers/pio/pio_handler.o
                0x0040036c                pio_handler_process
 .text.PIOA_Handler
                0x004003bc       0x14 src/ASF/sam/drivers/pio/pio_handler.o
                0x004003bc                PIOA_Handler
 .text.PIOB_Handler
                0x004003d0       0x14 src/ASF/sam/drivers/pio/pio_handler.o
                0x004003d0                PIOB_Handler
 .text.PIOC_Handler
                0x004003e4       0x14 src/ASF/sam/drivers/pio/pio_handler.o
                0x004003e4                PIOC_Handler
 .text.PIOD_Handler
                0x004003f8       0x14 src/ASF/sam/drivers/pio/pio_handler.o
                0x004003f8                PIOD_Handler
 .text.PIOE_Handler
                0x0040040c       0x14 src/ASF/sam/drivers/pio/pio_handler.o
                0x0040040c                PIOE_Handler
 .text.pmc_mck_set_division
                0x00400420       0x38 src/ASF/sam/drivers/pmc/pmc.o
                0x00400420                pmc_mck_set_division
 .text.pmc_switch_mck_to_pllack
                0x00400458       0x64 src/ASF/sam/drivers/pmc/pmc.o
                0x00400458                pmc_switch_mck_to_pllack
 .text.pmc_switch_mainck_to_xtal
                0x004004bc       0x54 src/ASF/sam/drivers/pmc/pmc.o
                0x004004bc                pmc_switch_mainck_to_xtal
 .text.pmc_osc_is_ready_mainck
                0x00400510       0x10 src/ASF/sam/drivers/pmc/pmc.o
                0x00400510                pmc_osc_is_ready_mainck
 .text.pmc_disable_pllack
                0x00400520       0x10 src/ASF/sam/drivers/pmc/pmc.o
                0x00400520                pmc_disable_pllack
 .text.pmc_is_locked_pllack
                0x00400530       0x10 src/ASF/sam/drivers/pmc/pmc.o
                0x00400530                pmc_is_locked_pllack
 .text.pmc_enable_periph_clk
                0x00400540       0x54 src/ASF/sam/drivers/pmc/pmc.o
                0x00400540                pmc_enable_periph_clk
 .text.Dummy_Handler
                0x00400594        0x2 src/ASF/sam/utils/cmsis/samv71/source/templates/gcc/startup_samv71.o
                0x00400594                DACC_Handler
                0x00400594                DebugMon_Handler
                0x00400594                UART3_Handler
                0x00400594                UART2_Handler
                0x00400594                TRNG_Handler
                0x00400594                HardFault_Handler
                0x00400594                TC2_Handler
                0x00400594                SysTick_Handler
                0x00400594                AFEC1_Handler
                0x00400594                PendSV_Handler
                0x00400594                NMI_Handler
                0x00400594                TC7_Handler
                0x00400594                QSPI_Handler
                0x00400594                ISI_Handler
                0x00400594                TC9_Handler
                0x00400594                RSWDT_Handler
                0x00400594                MCAN1_Handler
                0x00400594                USART0_Handler
                0x00400594                RTT_Handler
                0x00400594                USBHS_Handler
                0x00400594                RTC_Handler
                0x00400594                UsageFault_Handler
                0x00400594                TC6_Handler
                0x00400594                WDT_Handler
                0x00400594                TC4_Handler
                0x00400594                TC1_Handler
                0x00400594                HSMCI_Handler
                0x00400594                UART1_Handler
                0x00400594                TC3_Handler
                0x00400594                Dummy_Handler
                0x00400594                TWIHS1_Handler
                0x00400594                XDMAC_Handler
                0x00400594                UART4_Handler
                0x00400594                PWM1_Handler
                0x00400594                USART1_Handler
                0x00400594                PWM0_Handler
                0x00400594                AFEC0_Handler
                0x00400594                SSC_Handler
                0x00400594                TC11_Handler
                0x00400594                ACC_Handler
                0x00400594                PMC_Handler
                0x00400594                GMAC_Handler
                0x00400594                MemManage_Handler
                0x00400594                SUPC_Handler
                0x00400594                SVC_Handler
                0x00400594                TC8_Handler
                0x00400594                EFC_Handler
                0x00400594                USART2_Handler
                0x00400594                SDRAMC_Handler
                0x00400594                SPI1_Handler
                0x00400594                MCAN0_Handler
                0x00400594                TC10_Handler
                0x00400594                TWIHS2_Handler
                0x00400594                MLB_Handler
                0x00400594                UART0_Handler
                0x00400594                BusFault_Handler
                0x00400594                RSTC_Handler
                0x00400594                TC0_Handler
                0x00400594                TC5_Handler
                0x00400594                ICM_Handler
                0x00400594                AES_Handler
                0x00400594                TWIHS0_Handler
                0x00400594                SPI0_Handler
 *fill*         0x00400596        0x2 
 .text.Reset_Handler
                0x00400598       0xc8 src/ASF/sam/utils/cmsis/samv71/source/templates/gcc/startup_samv71.o
                0x00400598                Reset_Handler
 .text.SystemCoreClockUpdate
                0x00400660      0x10c src/ASF/sam/utils/cmsis/samv71/source/templates/system_samv71.o
                0x00400660                SystemCoreClockUpdate
 .text.system_init_flash
                0x0040076c       0x8c src/ASF/sam/utils/cmsis/samv71/source/templates/system_samv71.o
                0x0040076c                system_init_flash
 .text.main     0x004007f8       0x90 src/ioport_example1.o
                0x004007f8                main
 .text.__libc_init_array
                0x00400888       0x50 c:/program files (x86)/atmel/studio/7.0/toolchain/arm/arm-gnu-toolchain/bin/../lib/gcc/arm-none-eabi/6.3.1/../../../../arm-none-eabi/lib/thumb/v7e-m\libc.a(lib_a-init.o)
                0x00400888                __libc_init_array
 .text.startup.register_fini
                0x004008d8       0x14 c:/program files (x86)/atmel/studio/7.0/toolchain/arm/arm-gnu-toolchain/bin/../lib/gcc/arm-none-eabi/6.3.1/../../../../arm-none-eabi/lib/thumb/v7e-m\libc.a(lib_a-__call_atexit.o)
 .text.atexit   0x004008ec        0xc c:/program files (x86)/atmel/studio/7.0/toolchain/arm/arm-gnu-toolchain/bin/../lib/gcc/arm-none-eabi/6.3.1/../../../../arm-none-eabi/lib/thumb/v7e-m\libc.a(lib_a-atexit.o)
                0x004008ec                atexit
 .text.__libc_fini_array
                0x004008f8       0x34 c:/program files (x86)/atmel/studio/7.0/toolchain/arm/arm-gnu-toolchain/bin/../lib/gcc/arm-none-eabi/6.3.1/../../../../arm-none-eabi/lib/thumb/v7e-m\libc.a(lib_a-fini.o)
                0x004008f8                __libc_fini_array
 .text.__retarget_lock_acquire_recursive
                0x0040092c        0x4 c:/program files (x86)/atmel/studio/7.0/toolchain/arm/arm-gnu-toolchain/bin/../lib/gcc/arm-none-eabi/6.3.1/../../../../arm-none-eabi/lib/thumb/v7e-m\libc.a(lib_a-lock.o)
                0x0040092c                __retarget_lock_acquire_recursive
 .text.__retarget_lock_release_recursive
                0x00400930        0x4 c:/program files (x86)/atmel/studio/7.0/toolchain/arm/arm-gnu-toolchain/bin/../lib/gcc/arm-none-eabi/6.3.1/../../../../arm-none-eabi/lib/thumb/v7e-m\libc.a(lib_a-lock.o)
                0x00400930                __retarget_lock_release_recursive
 .text.__register_exitproc
                0x00400934       0xc4 c:/program files (x86)/atmel/studio/7.0/toolchain/arm/arm-gnu-toolchain/bin/../lib/gcc/arm-none-eabi/6.3.1/../../../../arm-none-eabi/lib/thumb/v7e-m\libc.a(lib_a-__atexit.o)
                0x00400934                __register_exitproc
 *(.glue_7t)
 .glue_7t       0x004009f8        0x0 linker stubs
 *(.glue_7)
 .glue_7        0x004009f8        0x0 linker stubs
 *(.rodata .rodata* .gnu.linkonce.r.*)
 .rodata._global_impure_ptr
                0x004009f8        0x4 c:/program files (x86)/atmel/studio/7.0/toolchain/arm/arm-gnu-toolchain/bin/../lib/gcc/arm-none-eabi/6.3.1/../../../../arm-none-eabi/lib/thumb/v7e-m\libc.a(lib_a-impure.o)
                0x004009f8                _global_impure_ptr
 *(.ARM.extab* .gnu.linkonce.armextab.*)
                0x004009fc                . = ALIGN (0x4)
 *(.init)
 .init          0x004009fc        0x4 c:/program files (x86)/atmel/studio/7.0/toolchain/arm/arm-gnu-toolchain/bin/../lib/gcc/arm-none-eabi/6.3.1/thumb/v7e-m/crti.o
                0x004009fc                _init
 .init          0x00400a00        0x8 c:/program files (x86)/atmel/studio/7.0/toolchain/arm/arm-gnu-toolchain/bin/../lib/gcc/arm-none-eabi/6.3.1/thumb/v7e-m/crtn.o
                0x00400a08                . = ALIGN (0x4)
                0x00400a08                __preinit_array_start = .
 *(.preinit_array)
                0x00400a08                __preinit_array_end = .
                0x00400a08                . = ALIGN (0x4)
                0x00400a08                __init_array_start = .
 *(SORT(.init_array.*))
 .init_array.00000
                0x00400a08        0x4 c:/program files (x86)/atmel/studio/7.0/toolchain/arm/arm-gnu-toolchain/bin/../lib/gcc/arm-none-eabi/6.3.1/../../../../arm-none-eabi/lib/thumb/v7e-m\libc.a(lib_a-__call_atexit.o)
 *(.init_array)
 .init_array    0x00400a0c        0x4 c:/program files (x86)/atmel/studio/7.0/toolchain/arm/arm-gnu-toolchain/bin/../lib/gcc/arm-none-eabi/6.3.1/thumb/v7e-m/crtbegin.o
                0x00400a10                __init_array_end = .
                0x00400a10                . = ALIGN (0x4)
 *crtbegin.o(.ctors)
 *(EXCLUDE_FILE(*crtend.o) .ctors)
 *(SORT(.ctors.*))
 *crtend.o(.ctors)
                0x00400a10                . = ALIGN (0x4)
 *(.fini)
 .fini          0x00400a10        0x4 c:/program files (x86)/atmel/studio/7.0/toolchain/arm/arm-gnu-toolchain/bin/../lib/gcc/arm-none-eabi/6.3.1/thumb/v7e-m/crti.o
                0x00400a10                _fini
 .fini          0x00400a14        0x8 c:/program files (x86)/atmel/studio/7.0/toolchain/arm/arm-gnu-toolchain/bin/../lib/gcc/arm-none-eabi/6.3.1/thumb/v7e-m/crtn.o
                0x00400a1c                . = ALIGN (0x4)
                0x00400a1c                __fini_array_start = .
 *(.fini_array)
 .fini_array    0x00400a1c        0x4 c:/program files (x86)/atmel/studio/7.0/toolchain/arm/arm-gnu-toolchain/bin/../lib/gcc/arm-none-eabi/6.3.1/thumb/v7e-m/crtbegin.o
 *(SORT(.fini_array.*))
                0x00400a20                __fini_array_end = .
 *crtbegin.o(.dtors)
 *(EXCLUDE_FILE(*crtend.o) .dtors)
 *(SORT(.dtors.*))
 *crtend.o(.dtors)
                0x00400a20                . = ALIGN (0x4)
                0x00400a20                _efixed = .
                [!provide]                PROVIDE (__exidx_start, .)

.vfp11_veneer   0x00400a20        0x0
 .vfp11_veneer  0x00400a20        0x0 linker stubs

.v4_bx          0x00400a20        0x0
 .v4_bx         0x00400a20        0x0 linker stubs

.iplt           0x00400a20        0x0
 .iplt          0x00400a20        0x0 c:/program files (x86)/atmel/studio/7.0/toolchain/arm/arm-gnu-toolchain/bin/../lib/gcc/arm-none-eabi/6.3.1/thumb/v7e-m/crtbegin.o

.eh_frame       0x00400a20        0x0
 .eh_frame      0x00400a20        0x0 c:/program files (x86)/atmel/studio/7.0/toolchain/arm/arm-gnu-toolchain/bin/../lib/gcc/arm-none-eabi/6.3.1/thumb/v7e-m/crtbegin.o

.rel.dyn        0x00400a20        0x0
 .rel.iplt      0x00400a20        0x0 c:/program files (x86)/atmel/studio/7.0/toolchain/arm/arm-gnu-toolchain/bin/../lib/gcc/arm-none-eabi/6.3.1/thumb/v7e-m/crtbegin.o

.jcr            0x00400a20        0x0
 .jcr           0x00400a20        0x0 c:/program files (x86)/atmel/studio/7.0/toolchain/arm/arm-gnu-toolchain/bin/../lib/gcc/arm-none-eabi/6.3.1/thumb/v7e-m/crtbegin.o

.igot.plt       0x00400a20        0x0
 .igot.plt      0x00400a20        0x0 c:/program files (x86)/atmel/studio/7.0/toolchain/arm/arm-gnu-toolchain/bin/../lib/gcc/arm-none-eabi/6.3.1/thumb/v7e-m/crtbegin.o

.ARM.exidx
 *(.ARM.exidx* .gnu.linkonce.armexidx.*)
                [!provide]                PROVIDE (__exidx_end, .)
                0x00400a20                . = ALIGN (0x4)
                0x00400a20                _etext = .

.relocate       0x20400000      0x43c load address 0x00400a20
                0x20400000                . = ALIGN (0x4)
                0x20400000                _srelocate = .
 *(.ramfunc .ramfunc.*)
 .ramfunc       0x20400000        0xa src/ASF/common/services/delay/sam/cycle_counter.o
                0x20400000                portable_delay_cycles
 *(.data .data.*)
 .data.g_interrupt_enabled
                0x2040000a        0x1 src/ASF/common/utils/interrupt/interrupt_sam_nvic.o
                0x2040000a                g_interrupt_enabled
 *fill*         0x2040000b        0x1 
 .data.SystemCoreClock
                0x2040000c        0x4 src/ASF/sam/utils/cmsis/samv71/source/templates/system_samv71.o
                0x2040000c                SystemCoreClock
 .data.impure_data
                0x20400010      0x428 c:/program files (x86)/atmel/studio/7.0/toolchain/arm/arm-gnu-toolchain/bin/../lib/gcc/arm-none-eabi/6.3.1/../../../../arm-none-eabi/lib/thumb/v7e-m\libc.a(lib_a-impure.o)
 .data.__atexit_recursive_mutex
                0x20400438        0x4 c:/program files (x86)/atmel/studio/7.0/toolchain/arm/arm-gnu-toolchain/bin/../lib/gcc/arm-none-eabi/6.3.1/../../../../arm-none-eabi/lib/thumb/v7e-m\libc.a(lib_a-__call_atexit.o)
                0x20400438                __atexit_recursive_mutex
                0x2040043c                . = ALIGN (0x4)
                0x2040043c                _erelocate = .

.bss            0x2040043c       0xb4 load address 0x00400e5c
                0x2040043c                . = ALIGN (0x4)
                0x2040043c                _sbss = .
                0x2040043c                _szero = .
 *(.bss .bss.*)
 .bss           0x2040043c       0x1c c:/program files (x86)/atmel/studio/7.0/toolchain/arm/arm-gnu-toolchain/bin/../lib/gcc/arm-none-eabi/6.3.1/thumb/v7e-m/crtbegin.o
 .bss.gs_interrupt_sources
                0x20400458       0x70 src/ASF/sam/drivers/pio/pio_handler.o
 .bss.port_val.9825
                0x204004c8        0x4 src/ioport_example1.o
 *(COMMON)
 COMMON         0x204004cc       0x21 c:/program files (x86)/atmel/studio/7.0/toolchain/arm/arm-gnu-toolchain/bin/../lib/gcc/arm-none-eabi/6.3.1/../../../../arm-none-eabi/lib/thumb/v7e-m\libc.a(lib_a-lock.o)
                0x204004cc                __lock___atexit_recursive_mutex
                0x204004d0                __lock___arc4random_mutex
                0x204004d4                __lock___env_recursive_mutex
                0x204004d8                __lock___sinit_recursive_mutex
                0x204004dc                __lock___malloc_recursive_mutex
                0x204004e0                __lock___at_quick_exit_mutex
                0x204004e4                __lock___dd_hash_mutex
                0x204004e8                __lock___tz_mutex
                0x204004ec                __lock___sfp_recursive_mutex
                0x204004f0                . = ALIGN (0x4)
 *fill*         0x204004ed        0x3 
                0x204004f0                _ebss = .
                0x204004f0                _ezero = .

.stack          0x204004f0     0x2000 load address 0x00400f10
                0x204004f0                . = ALIGN (0x8)
                0x204004f0                _sstack = .
                0x204024f0                . = (. + STACK_SIZE)
 *fill*         0x204004f0     0x2000 
                0x204024f0                . = ALIGN (0x8)
                0x204024f0                _estack = .

.heap           0x204024f0      0x200 load address 0x00402f10
                0x204024f0                . = ALIGN (0x8)
                0x204024f0                _sheap = .
                0x204026f0                . = (. + HEAP_SIZE)
 *fill*         0x204024f0      0x200 
                0x204026f0                . = ALIGN (0x8)
                0x204026f0                _eheap = .
                0x204026f0                . = ALIGN (0x4)
                0x204026f0                _end = .
                0x2045ffff                _ram_end_ = ((ORIGIN (ram) + LENGTH (ram)) - 0x1)
OUTPUT(IOPORT_CAN_EXAMPLE11.elf elf32-littlearm)

.ARM.attributes
                0x00000000       0x2e
 .ARM.attributes
                0x00000000       0x1e c:/program files (x86)/atmel/studio/7.0/toolchain/arm/arm-gnu-toolchain/bin/../lib/gcc/arm-none-eabi/6.3.1/thumb/v7e-m/crti.o
 .ARM.attributes
                0x0000001e       0x2e c:/program files (x86)/atmel/studio/7.0/toolchain/arm/arm-gnu-toolchain/bin/../lib/gcc/arm-none-eabi/6.3.1/thumb/v7e-m/crtbegin.o
 .ARM.attributes
                0x0000004c       0x37 src/ASF/common/services/clock/samv71/sysclk.o
 .ARM.attributes
                0x00000083       0x37 src/ASF/common/services/delay/sam/cycle_counter.o
 .ARM.attributes
                0x000000ba       0x37 src/ASF/common/utils/interrupt/interrupt_sam_nvic.o
 .ARM.attributes
                0x000000f1       0x37 src/ASF/sam/boards/samv71_xplained_ultra/init.o
 .ARM.attributes
                0x00000128       0x37 src/ASF/sam/drivers/pio/pio.o
 .ARM.attributes
                0x0000015f       0x37 src/ASF/sam/drivers/pio/pio_handler.o
 .ARM.attributes
                0x00000196       0x37 src/ASF/sam/drivers/pmc/pmc.o
 .ARM.attributes
                0x000001cd       0x37 src/ASF/sam/utils/cmsis/samv71/source/templates/gcc/startup_samv71.o
 .ARM.attributes
                0x00000204       0x37 src/ASF/sam/utils/cmsis/samv71/source/templates/system_samv71.o
 .ARM.attributes
                0x0000023b       0x37 src/ioport_example1.o
 .ARM.attributes
                0x00000272       0x2e c:/program files (x86)/atmel/studio/7.0/toolchain/arm/arm-gnu-toolchain/bin/../lib/gcc/arm-none-eabi/6.3.1/../../../../arm-none-eabi/lib/thumb/v7e-m\libc.a(lib_a-impure.o)
 .ARM.attributes
                0x000002a0       0x2e c:/program files (x86)/atmel/studio/7.0/toolchain/arm/arm-gnu-toolchain/bin/../lib/gcc/arm-none-eabi/6.3.1/../../../../arm-none-eabi/lib/thumb/v7e-m\libc.a(lib_a-init.o)
 .ARM.attributes
                0x000002ce       0x2e c:/program files (x86)/atmel/studio/7.0/toolchain/arm/arm-gnu-toolchain/bin/../lib/gcc/arm-none-eabi/6.3.1/../../../../arm-none-eabi/lib/thumb/v7e-m\libc.a(lib_a-__call_atexit.o)
 .ARM.attributes
                0x000002fc       0x2e c:/program files (x86)/atmel/studio/7.0/toolchain/arm/arm-gnu-toolchain/bin/../lib/gcc/arm-none-eabi/6.3.1/../../../../arm-none-eabi/lib/thumb/v7e-m\libc.a(lib_a-atexit.o)
 .ARM.attributes
                0x0000032a       0x2e c:/program files (x86)/atmel/studio/7.0/toolchain/arm/arm-gnu-toolchain/bin/../lib/gcc/arm-none-eabi/6.3.1/../../../../arm-none-eabi/lib/thumb/v7e-m\libc.a(lib_a-fini.o)
 .ARM.attributes
                0x00000358       0x2e c:/program files (x86)/atmel/studio/7.0/toolchain/arm/arm-gnu-toolchain/bin/../lib/gcc/arm-none-eabi/6.3.1/../../../../arm-none-eabi/lib/thumb/v7e-m\libc.a(lib_a-lock.o)
 .ARM.attributes
                0x00000386       0x2e c:/program files (x86)/atmel/studio/7.0/toolchain/arm/arm-gnu-toolchain/bin/../lib/gcc/arm-none-eabi/6.3.1/../../../../arm-none-eabi/lib/thumb/v7e-m\libc.a(lib_a-__atexit.o)
 .ARM.attributes
                0x000003b4       0x1e c:/program files (x86)/atmel/studio/7.0/toolchain/arm/arm-gnu-toolchain/bin/../lib/gcc/arm-none-eabi/6.3.1/thumb/v7e-m/crtn.o

.comment        0x00000000       0x59
 .comment       0x00000000       0x59 src/ASF/common/services/clock/samv71/sysclk.o
                                 0x5a (size before relaxing)
 .comment       0x00000059       0x5a src/ASF/common/services/delay/sam/cycle_counter.o
 .comment       0x00000059       0x5a src/ASF/common/utils/interrupt/interrupt_sam_nvic.o
 .comment       0x00000059       0x5a src/ASF/sam/boards/samv71_xplained_ultra/init.o
 .comment       0x00000059       0x5a src/ASF/sam/drivers/pio/pio.o
 .comment       0x00000059       0x5a src/ASF/sam/drivers/pio/pio_handler.o
 .comment       0x00000059       0x5a src/ASF/sam/drivers/pmc/pmc.o
 .comment       0x00000059       0x5a src/ASF/sam/utils/cmsis/samv71/source/templates/gcc/startup_samv71.o
 .comment       0x00000059       0x5a src/ASF/sam/utils/cmsis/samv71/source/templates/system_samv71.o
 .comment       0x00000059       0x5a src/ioport_example1.o

.debug_info     0x00000000     0xcf43
 .debug_info    0x00000000     0x1267 src/ASF/common/services/clock/samv71/sysclk.o
 .debug_info    0x00001267      0xa45 src/ASF/common/services/delay/sam/cycle_counter.o
 .debug_info    0x00001cac      0xb01 src/ASF/common/utils/interrupt/interrupt_sam_nvic.o
 .debug_info    0x000027ad     0x1c89 src/ASF/sam/boards/samv71_xplained_ultra/init.o
 .debug_info    0x00004436     0x2150 src/ASF/sam/drivers/pio/pio.o
 .debug_info    0x00006586     0x1b28 src/ASF/sam/drivers/pio/pio_handler.o
 .debug_info    0x000080ae     0x1e0e src/ASF/sam/drivers/pmc/pmc.o
 .debug_info    0x00009ebc     0x156a src/ASF/sam/utils/cmsis/samv71/source/templates/gcc/startup_samv71.o
 .debug_info    0x0000b426      0x55b src/ASF/sam/utils/cmsis/samv71/source/templates/system_samv71.o
 .debug_info    0x0000b981     0x15c2 src/ioport_example1.o

.debug_abbrev   0x00000000     0x1c1f
 .debug_abbrev  0x00000000      0x31f src/ASF/common/services/clock/samv71/sysclk.o
 .debug_abbrev  0x0000031f      0x1b3 src/ASF/common/services/delay/sam/cycle_counter.o
 .debug_abbrev  0x000004d2      0x212 src/ASF/common/utils/interrupt/interrupt_sam_nvic.o
 .debug_abbrev  0x000006e4      0x368 src/ASF/sam/boards/samv71_xplained_ultra/init.o
 .debug_abbrev  0x00000a4c      0x410 src/ASF/sam/drivers/pio/pio.o
 .debug_abbrev  0x00000e5c      0x32f src/ASF/sam/drivers/pio/pio_handler.o
 .debug_abbrev  0x0000118b      0x369 src/ASF/sam/drivers/pmc/pmc.o
 .debug_abbrev  0x000014f4      0x2e4 src/ASF/sam/utils/cmsis/samv71/source/templates/gcc/startup_samv71.o
 .debug_abbrev  0x000017d8      0x102 src/ASF/sam/utils/cmsis/samv71/source/templates/system_samv71.o
 .debug_abbrev  0x000018da      0x345 src/ioport_example1.o

.debug_loc      0x00000000     0x26be
 .debug_loc     0x00000000      0x183 src/ASF/common/services/clock/samv71/sysclk.o
 .debug_loc     0x00000183      0x237 src/ASF/sam/boards/samv71_xplained_ultra/init.o
 .debug_loc     0x000003ba      0xea4 src/ASF/sam/drivers/pio/pio.o
 .debug_loc     0x0000125e      0x588 src/ASF/sam/drivers/pio/pio_handler.o
 .debug_loc     0x000017e6      0xce3 src/ASF/sam/drivers/pmc/pmc.o
 .debug_loc     0x000024c9       0x77 src/ASF/sam/utils/cmsis/samv71/source/templates/gcc/startup_samv71.o
 .debug_loc     0x00002540      0x17e src/ioport_example1.o

.debug_aranges  0x00000000      0x578
 .debug_aranges
                0x00000000       0x40 src/ASF/common/services/clock/samv71/sysclk.o
 .debug_aranges
                0x00000040       0x20 src/ASF/common/services/delay/sam/cycle_counter.o
 .debug_aranges
                0x00000060       0x28 src/ASF/common/utils/interrupt/interrupt_sam_nvic.o
 .debug_aranges
                0x00000088       0x20 src/ASF/sam/boards/samv71_xplained_ultra/init.o
 .debug_aranges
                0x000000a8      0x1a8 src/ASF/sam/drivers/pio/pio.o
 .debug_aranges
                0x00000250       0x60 src/ASF/sam/drivers/pio/pio_handler.o
 .debug_aranges
                0x000002b0      0x250 src/ASF/sam/drivers/pmc/pmc.o
 .debug_aranges
                0x00000500       0x28 src/ASF/sam/utils/cmsis/samv71/source/templates/gcc/startup_samv71.o
 .debug_aranges
                0x00000528       0x30 src/ASF/sam/utils/cmsis/samv71/source/templates/system_samv71.o
 .debug_aranges
                0x00000558       0x20 src/ioport_example1.o

.debug_ranges   0x00000000      0x610
 .debug_ranges  0x00000000       0x30 src/ASF/common/services/clock/samv71/sysclk.o
 .debug_ranges  0x00000030       0x10 src/ASF/common/services/delay/sam/cycle_counter.o
 .debug_ranges  0x00000040       0x18 src/ASF/common/utils/interrupt/interrupt_sam_nvic.o
 .debug_ranges  0x00000058       0x10 src/ASF/sam/boards/samv71_xplained_ultra/init.o
 .debug_ranges  0x00000068      0x2a0 src/ASF/sam/drivers/pio/pio.o
 .debug_ranges  0x00000308       0x68 src/ASF/sam/drivers/pio/pio_handler.o
 .debug_ranges  0x00000370      0x240 src/ASF/sam/drivers/pmc/pmc.o
 .debug_ranges  0x000005b0       0x18 src/ASF/sam/utils/cmsis/samv71/source/templates/gcc/startup_samv71.o
 .debug_ranges  0x000005c8       0x20 src/ASF/sam/utils/cmsis/samv71/source/templates/system_samv71.o
 .debug_ranges  0x000005e8       0x28 src/ioport_example1.o

.debug_macro    0x00000000    0x1ce7a
 .debug_macro   0x00000000      0x6e7 src/ASF/common/services/clock/samv71/sysclk.o
 .debug_macro   0x000006e7      0x8ce src/ASF/common/services/clock/samv71/sysclk.o
 .debug_macro   0x00000fb5      0x64b src/ASF/common/services/clock/samv71/sysclk.o
 .debug_macro   0x00001600       0x3a src/ASF/common/services/clock/samv71/sysclk.o
 .debug_macro   0x0000163a      0x16d src/ASF/common/services/clock/samv71/sysclk.o
 .debug_macro   0x000017a7       0x76 src/ASF/common/services/clock/samv71/sysclk.o
 .debug_macro   0x0000181d       0x16 src/ASF/common/services/clock/samv71/sysclk.o
 .debug_macro   0x00001833      0x6e4 src/ASF/common/services/clock/samv71/sysclk.o
 .debug_macro   0x00001f17       0x22 src/ASF/common/services/clock/samv71/sysclk.o
 .debug_macro   0x00001f39       0x87 src/ASF/common/services/clock/samv71/sysclk.o
 .debug_macro   0x00001fc0       0x51 src/ASF/common/services/clock/samv71/sysclk.o
 .debug_macro   0x00002011       0xef src/ASF/common/services/clock/samv71/sysclk.o
 .debug_macro   0x00002100       0x6a src/ASF/common/services/clock/samv71/sysclk.o
 .debug_macro   0x0000216a      0x1df src/ASF/common/services/clock/samv71/sysclk.o
 .debug_macro   0x00002349       0x4a src/ASF/common/services/clock/samv71/sysclk.o
 .debug_macro   0x00002393       0x3b src/ASF/common/services/clock/samv71/sysclk.o
 .debug_macro   0x000023ce       0x2d src/ASF/common/services/clock/samv71/sysclk.o
 .debug_macro   0x000023fb       0x26 src/ASF/common/services/clock/samv71/sysclk.o
 .debug_macro   0x00002421      0xf9a src/ASF/common/services/clock/samv71/sysclk.o
 .debug_macro   0x000033bb      0x175 src/ASF/common/services/clock/samv71/sysclk.o
 .debug_macro   0x00003530      0x257 src/ASF/common/services/clock/samv71/sysclk.o
 .debug_macro   0x00003787      0xa0f src/ASF/common/services/clock/samv71/sysclk.o
 .debug_macro   0x00004196      0x1b9 src/ASF/common/services/clock/samv71/sysclk.o
 .debug_macro   0x0000434f      0x336 src/ASF/common/services/clock/samv71/sysclk.o
 .debug_macro   0x00004685      0x15b src/ASF/common/services/clock/samv71/sysclk.o
 .debug_macro   0x000047e0     0x1851 src/ASF/common/services/clock/samv71/sysclk.o
 .debug_macro   0x00006031       0x1c src/ASF/common/services/clock/samv71/sysclk.o
 .debug_macro   0x0000604d      0x68d src/ASF/common/services/clock/samv71/sysclk.o
 .debug_macro   0x000066da      0x31e src/ASF/common/services/clock/samv71/sysclk.o
 .debug_macro   0x000069f8      0x4d4 src/ASF/common/services/clock/samv71/sysclk.o
 .debug_macro   0x00006ecc      0x27c src/ASF/common/services/clock/samv71/sysclk.o
 .debug_macro   0x00007148     0x1332 src/ASF/common/services/clock/samv71/sysclk.o
 .debug_macro   0x0000847a      0x28e src/ASF/common/services/clock/samv71/sysclk.o
 .debug_macro   0x00008708     0x278d src/ASF/common/services/clock/samv71/sysclk.o
 .debug_macro   0x0000ae95     0x102b src/ASF/common/services/clock/samv71/sysclk.o
 .debug_macro   0x0000bec0      0xe01 src/ASF/common/services/clock/samv71/sysclk.o
 .debug_macro   0x0000ccc1      0x3b1 src/ASF/common/services/clock/samv71/sysclk.o
 .debug_macro   0x0000d072       0xa0 src/ASF/common/services/clock/samv71/sysclk.o
 .debug_macro   0x0000d112       0x76 src/ASF/common/services/clock/samv71/sysclk.o
 .debug_macro   0x0000d188      0x409 src/ASF/common/services/clock/samv71/sysclk.o
 .debug_macro   0x0000d591       0x64 src/ASF/common/services/clock/samv71/sysclk.o
 .debug_macro   0x0000d5f5      0x284 src/ASF/common/services/clock/samv71/sysclk.o
 .debug_macro   0x0000d879      0x1d0 src/ASF/common/services/clock/samv71/sysclk.o
 .debug_macro   0x0000da49      0x248 src/ASF/common/services/clock/samv71/sysclk.o
 .debug_macro   0x0000dc91      0x524 src/ASF/common/services/clock/samv71/sysclk.o
 .debug_macro   0x0000e1b5      0x63c src/ASF/common/services/clock/samv71/sysclk.o
 .debug_macro   0x0000e7f1      0x6b8 src/ASF/common/services/clock/samv71/sysclk.o
 .debug_macro   0x0000eea9       0x4c src/ASF/common/services/clock/samv71/sysclk.o
 .debug_macro   0x0000eef5      0x468 src/ASF/common/services/clock/samv71/sysclk.o
 .debug_macro   0x0000f35d      0x207 src/ASF/common/services/clock/samv71/sysclk.o
 .debug_macro   0x0000f564      0x866 src/ASF/common/services/clock/samv71/sysclk.o
 .debug_macro   0x0000fdca     0x1547 src/ASF/common/services/clock/samv71/sysclk.o
 .debug_macro   0x00011311       0x40 src/ASF/common/services/clock/samv71/sysclk.o
 .debug_macro   0x00011351       0x76 src/ASF/common/services/clock/samv71/sysclk.o
 .debug_macro   0x000113c7      0xdaf src/ASF/common/services/clock/samv71/sysclk.o
 .debug_macro   0x00012176       0x82 src/ASF/common/services/clock/samv71/sysclk.o
 .debug_macro   0x000121f8       0x76 src/ASF/common/services/clock/samv71/sysclk.o
 .debug_macro   0x0001226e       0x4c src/ASF/common/services/clock/samv71/sysclk.o
 .debug_macro   0x000122ba      0x135 src/ASF/common/services/clock/samv71/sysclk.o
 .debug_macro   0x000123ef      0x135 src/ASF/common/services/clock/samv71/sysclk.o
 .debug_macro   0x00012524      0x135 src/ASF/common/services/clock/samv71/sysclk.o
 .debug_macro   0x00012659       0x6a src/ASF/common/services/clock/samv71/sysclk.o
 .debug_macro   0x000126c3       0x6a src/ASF/common/services/clock/samv71/sysclk.o
 .debug_macro   0x0001272d      0x313 src/ASF/common/services/clock/samv71/sysclk.o
 .debug_macro   0x00012a40       0xb2 src/ASF/common/services/clock/samv71/sysclk.o
 .debug_macro   0x00012af2       0xb2 src/ASF/common/services/clock/samv71/sysclk.o
 .debug_macro   0x00012ba4       0xb2 src/ASF/common/services/clock/samv71/sysclk.o
 .debug_macro   0x00012c56      0x11d src/ASF/common/services/clock/samv71/sysclk.o
 .debug_macro   0x00012d73      0x11d src/ASF/common/services/clock/samv71/sysclk.o
 .debug_macro   0x00012e90      0x2cd src/ASF/common/services/clock/samv71/sysclk.o
 .debug_macro   0x0001315d       0xb8 src/ASF/common/services/clock/samv71/sysclk.o
 .debug_macro   0x00013215       0x5e src/ASF/common/services/clock/samv71/sysclk.o
 .debug_macro   0x00013273       0x40 src/ASF/common/services/clock/samv71/sysclk.o
 .debug_macro   0x000132b3       0x4c src/ASF/common/services/clock/samv71/sysclk.o
 .debug_macro   0x000132ff       0xa0 src/ASF/common/services/clock/samv71/sysclk.o
 .debug_macro   0x0001339f      0x494 src/ASF/common/services/clock/samv71/sysclk.o
 .debug_macro   0x00013833      0x135 src/ASF/common/services/clock/samv71/sysclk.o
 .debug_macro   0x00013968       0x4c src/ASF/common/services/clock/samv71/sysclk.o
 .debug_macro   0x000139b4      0x313 src/ASF/common/services/clock/samv71/sysclk.o
 .debug_macro   0x00013cc7       0x6a src/ASF/common/services/clock/samv71/sysclk.o
 .debug_macro   0x00013d31       0xb8 src/ASF/common/services/clock/samv71/sysclk.o
 .debug_macro   0x00013de9       0x76 src/ASF/common/services/clock/samv71/sysclk.o
 .debug_macro   0x00013e5f       0x6a src/ASF/common/services/clock/samv71/sysclk.o
 .debug_macro   0x00013ec9       0x2e src/ASF/common/services/clock/samv71/sysclk.o
 .debug_macro   0x00013ef7      0x9b1 src/ASF/common/services/clock/samv71/sysclk.o
 .debug_macro   0x000148a8       0x6a src/ASF/common/services/clock/samv71/sysclk.o
 .debug_macro   0x00014912       0x88 src/ASF/common/services/clock/samv71/sysclk.o
 .debug_macro   0x0001499a       0x58 src/ASF/common/services/clock/samv71/sysclk.o
 .debug_macro   0x000149f2       0xa6 src/ASF/common/services/clock/samv71/sysclk.o
 .debug_macro   0x00014a98       0x16 src/ASF/common/services/clock/samv71/sysclk.o
 .debug_macro   0x00014aae       0xe2 src/ASF/common/services/clock/samv71/sysclk.o
 .debug_macro   0x00014b90       0x4c src/ASF/common/services/clock/samv71/sysclk.o
 .debug_macro   0x00014bdc       0x16 src/ASF/common/services/clock/samv71/sysclk.o
 .debug_macro   0x00014bf2       0x4c src/ASF/common/services/clock/samv71/sysclk.o
 .debug_macro   0x00014c3e       0x2e src/ASF/common/services/clock/samv71/sysclk.o
 .debug_macro   0x00014c6c      0x1b5 src/ASF/common/services/clock/samv71/sysclk.o
 .debug_macro   0x00014e21      0x1b5 src/ASF/common/services/clock/samv71/sysclk.o
 .debug_macro   0x00014fd6      0x1b5 src/ASF/common/services/clock/samv71/sysclk.o
 .debug_macro   0x0001518b      0x1b5 src/ASF/common/services/clock/samv71/sysclk.o
 .debug_macro   0x00015340      0x1b5 src/ASF/common/services/clock/samv71/sysclk.o
 .debug_macro   0x000154f5       0x1c src/ASF/common/services/clock/samv71/sysclk.o
 .debug_macro   0x00015511       0x2e src/ASF/common/services/clock/samv71/sysclk.o
 .debug_macro   0x0001553f       0x22 src/ASF/common/services/clock/samv71/sysclk.o
 .debug_macro   0x00015561       0x1c src/ASF/common/services/clock/samv71/sysclk.o
 .debug_macro   0x0001557d       0x52 src/ASF/common/services/clock/samv71/sysclk.o
 .debug_macro   0x000155cf       0x10 src/ASF/common/services/clock/samv71/sysclk.o
 .debug_macro   0x000155df       0x1c src/ASF/common/services/clock/samv71/sysclk.o
 .debug_macro   0x000155fb       0x4c src/ASF/common/services/clock/samv71/sysclk.o
 .debug_macro   0x00015647       0x4c src/ASF/common/services/clock/samv71/sysclk.o
 .debug_macro   0x00015693       0x4c src/ASF/common/services/clock/samv71/sysclk.o
 .debug_macro   0x000156df      0x329 src/ASF/common/services/clock/samv71/sysclk.o
 .debug_macro   0x00015a08     0x1037 src/ASF/common/services/clock/samv71/sysclk.o
 .debug_macro   0x00016a3f      0x10e src/ASF/common/services/clock/samv71/sysclk.o
 .debug_macro   0x00016b4d       0x58 src/ASF/common/services/clock/samv71/sysclk.o
 .debug_macro   0x00016ba5       0x35 src/ASF/common/services/clock/samv71/sysclk.o
 .debug_macro   0x00016bda       0x9c src/ASF/common/services/clock/samv71/sysclk.o
 .debug_macro   0x00016c76       0x16 src/ASF/common/services/clock/samv71/sysclk.o
 .debug_macro   0x00016c8c       0x35 src/ASF/common/services/clock/samv71/sysclk.o
 .debug_macro   0x00016cc1      0x353 src/ASF/common/services/clock/samv71/sysclk.o
 .debug_macro   0x00017014       0x10 src/ASF/common/services/clock/samv71/sysclk.o
 .debug_macro   0x00017024       0x58 src/ASF/common/services/clock/samv71/sysclk.o
 .debug_macro   0x0001707c       0x1f src/ASF/common/services/clock/samv71/sysclk.o
 .debug_macro   0x0001709b       0x43 src/ASF/common/services/clock/samv71/sysclk.o
 .debug_macro   0x000170de       0x20 src/ASF/common/services/clock/samv71/sysclk.o
 .debug_macro   0x000170fe      0x187 src/ASF/common/services/clock/samv71/sysclk.o
 .debug_macro   0x00017285       0x10 src/ASF/common/services/clock/samv71/sysclk.o
 .debug_macro   0x00017295       0x1c src/ASF/common/services/clock/samv71/sysclk.o
 .debug_macro   0x000172b1       0x52 src/ASF/common/services/clock/samv71/sysclk.o
 .debug_macro   0x00017303       0x40 src/ASF/common/services/clock/samv71/sysclk.o
 .debug_macro   0x00017343       0x10 src/ASF/common/services/clock/samv71/sysclk.o
 .debug_macro   0x00017353       0x40 src/ASF/common/services/clock/samv71/sysclk.o
 .debug_macro   0x00017393       0xd7 src/ASF/common/services/clock/samv71/sysclk.o
 .debug_macro   0x0001746a       0x16 src/ASF/common/services/clock/samv71/sysclk.o
 .debug_macro   0x00017480      0x18b src/ASF/common/services/clock/samv71/sysclk.o
 .debug_macro   0x0001760b       0x22 src/ASF/common/services/clock/samv71/sysclk.o
 .debug_macro   0x0001762d       0x16 src/ASF/common/services/clock/samv71/sysclk.o
 .debug_macro   0x00017643       0x16 src/ASF/common/services/clock/samv71/sysclk.o
 .debug_macro   0x00017659       0x29 src/ASF/common/services/clock/samv71/sysclk.o
 .debug_macro   0x00017682       0x75 src/ASF/common/services/clock/samv71/sysclk.o
 .debug_macro   0x000176f7       0x3f src/ASF/common/services/clock/samv71/sysclk.o
 .debug_macro   0x00017736      0x3ca src/ASF/common/services/clock/samv71/sysclk.o
 .debug_macro   0x00017b00      0x2c0 src/ASF/common/services/clock/samv71/sysclk.o
 .debug_macro   0x00017dc0      0xc8e src/ASF/common/services/clock/samv71/sysclk.o
 .debug_macro   0x00018a4e       0x70 src/ASF/common/services/clock/samv71/sysclk.o
 .debug_macro   0x00018abe       0x64 src/ASF/common/services/clock/samv71/sysclk.o
 .debug_macro   0x00018b22       0x5f src/ASF/common/services/clock/samv71/sysclk.o
 .debug_macro   0x00018b81       0xac src/ASF/common/services/clock/samv71/sysclk.o
 .debug_macro   0x00018c2d      0x67b src/ASF/common/services/delay/sam/cycle_counter.o
 .debug_macro   0x000192a8       0x22 src/ASF/common/services/delay/sam/cycle_counter.o
 .debug_macro   0x000192ca      0x66b src/ASF/common/utils/interrupt/interrupt_sam_nvic.o
 .debug_macro   0x00019935      0x722 src/ASF/sam/boards/samv71_xplained_ultra/init.o
 .debug_macro   0x0001a057      0x2c6 src/ASF/sam/boards/samv71_xplained_ultra/init.o
 .debug_macro   0x0001a31d       0x10 src/ASF/sam/boards/samv71_xplained_ultra/init.o
 .debug_macro   0x0001a32d       0x82 src/ASF/sam/boards/samv71_xplained_ultra/init.o
 .debug_macro   0x0001a3af       0x94 src/ASF/sam/boards/samv71_xplained_ultra/init.o
 .debug_macro   0x0001a443      0x681 src/ASF/sam/drivers/pio/pio.o
 .debug_macro   0x0001aac4       0x8e src/ASF/sam/drivers/pio/pio.o
 .debug_macro   0x0001ab52      0x68c src/ASF/sam/drivers/pio/pio_handler.o
 .debug_macro   0x0001b1de      0x681 src/ASF/sam/drivers/pmc/pmc.o
 .debug_macro   0x0001b85f       0x6a src/ASF/sam/drivers/pmc/pmc.o
 .debug_macro   0x0001b8c9      0x67a src/ASF/sam/utils/cmsis/samv71/source/templates/gcc/startup_samv71.o
 .debug_macro   0x0001bf43       0x10 src/ASF/sam/utils/cmsis/samv71/source/templates/gcc/startup_samv71.o
 .debug_macro   0x0001bf53      0x469 src/ASF/sam/utils/cmsis/samv71/source/templates/system_samv71.o
 .debug_macro   0x0001c3bc      0x789 src/ioport_example1.o
 .debug_macro   0x0001cb45       0x28 src/ioport_example1.o
 .debug_macro   0x0001cb6d       0x23 src/ioport_example1.o
 .debug_macro   0x0001cb90       0x40 src/ioport_example1.o
 .debug_macro   0x0001cbd0       0x88 src/ioport_example1.o
 .debug_macro   0x0001cc58      0x1ce src/ioport_example1.o
 .debug_macro   0x0001ce26       0x16 src/ioport_example1.o
 .debug_macro   0x0001ce3c       0x1c src/ioport_example1.o
 .debug_macro   0x0001ce58       0x22 src/ioport_example1.o

.debug_line     0x00000000     0x75a5
 .debug_line    0x00000000      0xb6d src/ASF/common/services/clock/samv71/sysclk.o
 .debug_line    0x00000b6d      0x9ff src/ASF/common/services/delay/sam/cycle_counter.o
 .debug_line    0x0000156c      0xa13 src/ASF/common/utils/interrupt/interrupt_sam_nvic.o
 .debug_line    0x00001f7f      0xc28 src/ASF/sam/boards/samv71_xplained_ultra/init.o
 .debug_line    0x00002ba7      0xef5 src/ASF/sam/drivers/pio/pio.o
 .debug_line    0x00003a9c      0xad1 src/ASF/sam/drivers/pio/pio_handler.o
 .debug_line    0x0000456d     0x107d src/ASF/sam/drivers/pmc/pmc.o
 .debug_line    0x000055ea      0xa85 src/ASF/sam/utils/cmsis/samv71/source/templates/gcc/startup_samv71.o
 .debug_line    0x0000606f      0x7fb src/ASF/sam/utils/cmsis/samv71/source/templates/system_samv71.o
 .debug_line    0x0000686a      0xd3b src/ioport_example1.o

.debug_str      0x00000000    0x89f80
 .debug_str     0x00000000    0x86366 src/ASF/common/services/clock/samv71/sysclk.o
                              0x86a11 (size before relaxing)
 .debug_str     0x00086366      0x1b5 src/ASF/common/services/delay/sam/cycle_counter.o
                              0x81d10 (size before relaxing)
 .debug_str     0x0008651b       0x94 src/ASF/common/utils/interrupt/interrupt_sam_nvic.o
                              0x81be0 (size before relaxing)
 .debug_str     0x000865af      0xe89 src/ASF/sam/boards/samv71_xplained_ultra/init.o
                              0x874ab (size before relaxing)
 .debug_str     0x00087438      0x5ab src/ASF/sam/drivers/pio/pio.o
                              0x82736 (size before relaxing)
 .debug_str     0x000879e3      0x462 src/ASF/sam/drivers/pio/pio_handler.o
                              0x82861 (size before relaxing)
 .debug_str     0x00087e45      0x6b5 src/ASF/sam/drivers/pmc/pmc.o
                              0x8289a (size before relaxing)
 .debug_str     0x000884fa      0x6a5 src/ASF/sam/utils/cmsis/samv71/source/templates/gcc/startup_samv71.o
                              0x823af (size before relaxing)
 .debug_str     0x00088b9f      0x137 src/ASF/sam/utils/cmsis/samv71/source/templates/system_samv71.o
                              0x724b9 (size before relaxing)
 .debug_str     0x00088cd6     0x12aa src/ioport_example1.o
                              0x884aa (size before relaxing)

.debug_frame    0x00000000      0xc9c
 .debug_frame   0x00000000       0x88 src/ASF/common/services/clock/samv71/sysclk.o
 .debug_frame   0x00000088       0x20 src/ASF/common/services/delay/sam/cycle_counter.o
 .debug_frame   0x000000a8       0x30 src/ASF/common/utils/interrupt/interrupt_sam_nvic.o
 .debug_frame   0x000000d8       0x30 src/ASF/sam/boards/samv71_xplained_ultra/init.o
 .debug_frame   0x00000108      0x390 src/ASF/sam/drivers/pio/pio.o
 .debug_frame   0x00000498      0x110 src/ASF/sam/drivers/pio/pio_handler.o
 .debug_frame   0x000005a8      0x494 src/ASF/sam/drivers/pmc/pmc.o
 .debug_frame   0x00000a3c       0x38 src/ASF/sam/utils/cmsis/samv71/source/templates/gcc/startup_samv71.o
 .debug_frame   0x00000a74       0x40 src/ASF/sam/utils/cmsis/samv71/source/templates/system_samv71.o
 .debug_frame   0x00000ab4       0x28 src/ioport_example1.o
 .debug_frame   0x00000adc       0x2c c:/program files (x86)/atmel/studio/7.0/toolchain/arm/arm-gnu-toolchain/bin/../lib/gcc/arm-none-eabi/6.3.1/../../../../arm-none-eabi/lib/thumb/v7e-m\libc.a(lib_a-init.o)
 .debug_frame   0x00000b08       0x5c c:/program files (x86)/atmel/studio/7.0/toolchain/arm/arm-gnu-toolchain/bin/../lib/gcc/arm-none-eabi/6.3.1/../../../../arm-none-eabi/lib/thumb/v7e-m\libc.a(lib_a-__call_atexit.o)
 .debug_frame   0x00000b64       0x20 c:/program files (x86)/atmel/studio/7.0/toolchain/arm/arm-gnu-toolchain/bin/../lib/gcc/arm-none-eabi/6.3.1/../../../../arm-none-eabi/lib/thumb/v7e-m\libc.a(lib_a-atexit.o)
 .debug_frame   0x00000b84       0x34 c:/program files (x86)/atmel/studio/7.0/toolchain/arm/arm-gnu-toolchain/bin/../lib/gcc/arm-none-eabi/6.3.1/../../../../arm-none-eabi/lib/thumb/v7e-m\libc.a(lib_a-fini.o)
 .debug_frame   0x00000bb8       0xb0 c:/program files (x86)/atmel/studio/7.0/toolchain/arm/arm-gnu-toolchain/bin/../lib/gcc/arm-none-eabi/6.3.1/../../../../arm-none-eabi/lib/thumb/v7e-m\libc.a(lib_a-lock.o)
 .debug_frame   0x00000c68       0x34 c:/program files (x86)/atmel/studio/7.0/toolchain/arm/arm-gnu-toolchain/bin/../lib/gcc/arm-none-eabi/6.3.1/../../../../arm-none-eabi/lib/thumb/v7e-m\libc.a(lib_a-__atexit.o)

Cross Reference Table

Symbol                                            File
ACC_Handler                                       src/ASF/sam/utils/cmsis/samv71/source/templates/gcc/startup_samv71.o
AES_Handler                                       src/ASF/sam/utils/cmsis/samv71/source/templates/gcc/startup_samv71.o
AFEC0_Handler                                     src/ASF/sam/utils/cmsis/samv71/source/templates/gcc/startup_samv71.o
AFEC1_Handler                                     src/ASF/sam/utils/cmsis/samv71/source/templates/gcc/startup_samv71.o
BusFault_Handler                                  src/ASF/sam/utils/cmsis/samv71/source/templates/gcc/startup_samv71.o
DACC_Handler                                      src/ASF/sam/utils/cmsis/samv71/source/templates/gcc/startup_samv71.o
DebugMon_Handler                                  src/ASF/sam/utils/cmsis/samv71/source/templates/gcc/startup_samv71.o
Dummy_Handler                                     src/ASF/sam/utils/cmsis/samv71/source/templates/gcc/startup_samv71.o
EFC_Handler                                       src/ASF/sam/utils/cmsis/samv71/source/templates/gcc/startup_samv71.o
GMAC_Handler                                      src/ASF/sam/utils/cmsis/samv71/source/templates/gcc/startup_samv71.o
HSMCI_Handler                                     src/ASF/sam/utils/cmsis/samv71/source/templates/gcc/startup_samv71.o
HardFault_Handler                                 src/ASF/sam/utils/cmsis/samv71/source/templates/gcc/startup_samv71.o
ICM_Handler                                       src/ASF/sam/utils/cmsis/samv71/source/templates/gcc/startup_samv71.o
ISI_Handler                                       src/ASF/sam/utils/cmsis/samv71/source/templates/gcc/startup_samv71.o
MCAN0_Handler                                     src/ASF/sam/utils/cmsis/samv71/source/templates/gcc/startup_samv71.o
MCAN1_Handler                                     src/ASF/sam/utils/cmsis/samv71/source/templates/gcc/startup_samv71.o
MLB_Handler                                       src/ASF/sam/utils/cmsis/samv71/source/templates/gcc/startup_samv71.o
MemManage_Handler                                 src/ASF/sam/utils/cmsis/samv71/source/templates/gcc/startup_samv71.o
NMI_Handler                                       src/ASF/sam/utils/cmsis/samv71/source/templates/gcc/startup_samv71.o
PIOA_Handler                                      src/ASF/sam/drivers/pio/pio_handler.o
PIOB_Handler                                      src/ASF/sam/drivers/pio/pio_handler.o
PIOC_Handler                                      src/ASF/sam/drivers/pio/pio_handler.o
PIOD_Handler                                      src/ASF/sam/drivers/pio/pio_handler.o
PIOE_Handler                                      src/ASF/sam/drivers/pio/pio_handler.o
PMC_Handler                                       src/ASF/sam/utils/cmsis/samv71/source/templates/gcc/startup_samv71.o
PWM0_Handler                                      src/ASF/sam/utils/cmsis/samv71/source/templates/gcc/startup_samv71.o
PWM1_Handler                                      src/ASF/sam/utils/cmsis/samv71/source/templates/gcc/startup_samv71.o
PendSV_Handler                                    src/ASF/sam/utils/cmsis/samv71/source/templates/gcc/startup_samv71.o
QSPI_Handler                                      src/ASF/sam/utils/cmsis/samv71/source/templates/gcc/startup_samv71.o
RSTC_Handler                                      src/ASF/sam/utils/cmsis/samv71/source/templates/gcc/startup_samv71.o
RSWDT_Handler                                     src/ASF/sam/utils/cmsis/samv71/source/templates/gcc/startup_samv71.o
RTC_Handler                                       src/ASF/sam/utils/cmsis/samv71/source/templates/gcc/startup_samv71.o
RTT_Handler                                       src/ASF/sam/utils/cmsis/samv71/source/templates/gcc/startup_samv71.o
Reset_Handler                                     src/ASF/sam/utils/cmsis/samv71/source/templates/gcc/startup_samv71.o
SDRAMC_Handler                                    src/ASF/sam/utils/cmsis/samv71/source/templates/gcc/startup_samv71.o
SPI0_Handler                                      src/ASF/sam/utils/cmsis/samv71/source/templates/gcc/startup_samv71.o
SPI1_Handler                                      src/ASF/sam/utils/cmsis/samv71/source/templates/gcc/startup_samv71.o
SSC_Handler                                       src/ASF/sam/utils/cmsis/samv71/source/templates/gcc/startup_samv71.o
SUPC_Handler                                      src/ASF/sam/utils/cmsis/samv71/source/templates/gcc/startup_samv71.o
SVC_Handler                                       src/ASF/sam/utils/cmsis/samv71/source/templates/gcc/startup_samv71.o
SysTick_Handler                                   src/ASF/sam/utils/cmsis/samv71/source/templates/gcc/startup_samv71.o
SystemCoreClock                                   src/ASF/sam/utils/cmsis/samv71/source/templates/system_samv71.o
SystemCoreClockUpdate                             src/ASF/sam/utils/cmsis/samv71/source/templates/system_samv71.o
                                                  src/ASF/common/services/clock/samv71/sysclk.o
SystemInit                                        src/ASF/sam/utils/cmsis/samv71/source/templates/system_samv71.o
TC0_Handler                                       src/ASF/sam/utils/cmsis/samv71/source/templates/gcc/startup_samv71.o
TC10_Handler                                      src/ASF/sam/utils/cmsis/samv71/source/templates/gcc/startup_samv71.o
TC11_Handler                                      src/ASF/sam/utils/cmsis/samv71/source/templates/gcc/startup_samv71.o
TC1_Handler                                       src/ASF/sam/utils/cmsis/samv71/source/templates/gcc/startup_samv71.o
TC2_Handler                                       src/ASF/sam/utils/cmsis/samv71/source/templates/gcc/startup_samv71.o
TC3_Handler                                       src/ASF/sam/utils/cmsis/samv71/source/templates/gcc/startup_samv71.o
TC4_Handler                                       src/ASF/sam/utils/cmsis/samv71/source/templates/gcc/startup_samv71.o
TC5_Handler                                       src/ASF/sam/utils/cmsis/samv71/source/templates/gcc/startup_samv71.o
TC6_Handler                                       src/ASF/sam/utils/cmsis/samv71/source/templates/gcc/startup_samv71.o
TC7_Handler                                       src/ASF/sam/utils/cmsis/samv71/source/templates/gcc/startup_samv71.o
TC8_Handler                                       src/ASF/sam/utils/cmsis/samv71/source/templates/gcc/startup_samv71.o
TC9_Handler                                       src/ASF/sam/utils/cmsis/samv71/source/templates/gcc/startup_samv71.o
TRNG_Handler                                      src/ASF/sam/utils/cmsis/samv71/source/templates/gcc/startup_samv71.o
TWIHS0_Handler                                    src/ASF/sam/utils/cmsis/samv71/source/templates/gcc/startup_samv71.o
TWIHS1_Handler                                    src/ASF/sam/utils/cmsis/samv71/source/templates/gcc/startup_samv71.o
TWIHS2_Handler                                    src/ASF/sam/utils/cmsis/samv71/source/templates/gcc/startup_samv71.o
UART0_Handler                                     src/ASF/sam/utils/cmsis/samv71/source/templates/gcc/startup_samv71.o
UART1_Handler                                     src/ASF/sam/utils/cmsis/samv71/source/templates/gcc/startup_samv71.o
UART2_Handler                                     src/ASF/sam/utils/cmsis/samv71/source/templates/gcc/startup_samv71.o
UART3_Handler                                     src/ASF/sam/utils/cmsis/samv71/source/templates/gcc/startup_samv71.o
UART4_Handler                                     src/ASF/sam/utils/cmsis/samv71/source/templates/gcc/startup_samv71.o
USART0_Handler                                    src/ASF/sam/utils/cmsis/samv71/source/templates/gcc/startup_samv71.o
USART1_Handler                                    src/ASF/sam/utils/cmsis/samv71/source/templates/gcc/startup_samv71.o
USART2_Handler                                    src/ASF/sam/utils/cmsis/samv71/source/templates/gcc/startup_samv71.o
USBHS_Handler                                     src/ASF/sam/utils/cmsis/samv71/source/templates/gcc/startup_samv71.o
UsageFault_Handler                                src/ASF/sam/utils/cmsis/samv71/source/templates/gcc/startup_samv71.o
WDT_Handler                                       src/ASF/sam/utils/cmsis/samv71/source/templates/gcc/startup_samv71.o
XDMAC_Handler                                     src/ASF/sam/utils/cmsis/samv71/source/templates/gcc/startup_samv71.o
_Jv_RegisterClasses                               c:/program files (x86)/atmel/studio/7.0/toolchain/arm/arm-gnu-toolchain/bin/../lib/gcc/arm-none-eabi/6.3.1/thumb/v7e-m/crtbegin.o
__atexit_recursive_mutex                          c:/program files (x86)/atmel/studio/7.0/toolchain/arm/arm-gnu-toolchain/bin/../lib/gcc/arm-none-eabi/6.3.1/../../../../arm-none-eabi/lib/thumb/v7e-m\libc.a(lib_a-__call_atexit.o)
                                                  c:/program files (x86)/atmel/studio/7.0/toolchain/arm/arm-gnu-toolchain/bin/../lib/gcc/arm-none-eabi/6.3.1/../../../../arm-none-eabi/lib/thumb/v7e-m\libc.a(lib_a-__atexit.o)
__bss_end__                                       c:/program files (x86)/atmel/studio/7.0/toolchain/arm/arm-gnu-toolchain/bin/../lib/gcc/arm-none-eabi/6.3.1/../../../../arm-none-eabi/lib/thumb/v7e-m/crt0.o
__bss_start__                                     c:/program files (x86)/atmel/studio/7.0/toolchain/arm/arm-gnu-toolchain/bin/../lib/gcc/arm-none-eabi/6.3.1/../../../../arm-none-eabi/lib/thumb/v7e-m/crt0.o
__call_exitprocs                                  c:/program files (x86)/atmel/studio/7.0/toolchain/arm/arm-gnu-toolchain/bin/../lib/gcc/arm-none-eabi/6.3.1/../../../../arm-none-eabi/lib/thumb/v7e-m\libc.a(lib_a-__call_atexit.o)
                                                  c:/program files (x86)/atmel/studio/7.0/toolchain/arm/arm-gnu-toolchain/bin/../lib/gcc/arm-none-eabi/6.3.1/../../../../arm-none-eabi/lib/thumb/v7e-m\libc.a(lib_a-exit.o)
__deregister_frame_info                           c:/program files (x86)/atmel/studio/7.0/toolchain/arm/arm-gnu-toolchain/bin/../lib/gcc/arm-none-eabi/6.3.1/thumb/v7e-m/crtbegin.o
__dso_handle                                      c:/program files (x86)/atmel/studio/7.0/toolchain/arm/arm-gnu-toolchain/bin/../lib/gcc/arm-none-eabi/6.3.1/thumb/v7e-m/crtbegin.o
__fini_array_end                                  c:/program files (x86)/atmel/studio/7.0/toolchain/arm/arm-gnu-toolchain/bin/../lib/gcc/arm-none-eabi/6.3.1/../../../../arm-none-eabi/lib/thumb/v7e-m\libc.a(lib_a-fini.o)
__fini_array_start                                c:/program files (x86)/atmel/studio/7.0/toolchain/arm/arm-gnu-toolchain/bin/../lib/gcc/arm-none-eabi/6.3.1/../../../../arm-none-eabi/lib/thumb/v7e-m\libc.a(lib_a-fini.o)
__init_array_end                                  c:/program files (x86)/atmel/studio/7.0/toolchain/arm/arm-gnu-toolchain/bin/../lib/gcc/arm-none-eabi/6.3.1/../../../../arm-none-eabi/lib/thumb/v7e-m\libc.a(lib_a-init.o)
__init_array_start                                c:/program files (x86)/atmel/studio/7.0/toolchain/arm/arm-gnu-toolchain/bin/../lib/gcc/arm-none-eabi/6.3.1/../../../../arm-none-eabi/lib/thumb/v7e-m\libc.a(lib_a-init.o)
__libc_fini                                       c:/program files (x86)/atmel/studio/7.0/toolchain/arm/arm-gnu-toolchain/bin/../lib/gcc/arm-none-eabi/6.3.1/../../../../arm-none-eabi/lib/thumb/v7e-m\libc.a(lib_a-__call_atexit.o)
__libc_fini_array                                 c:/program files (x86)/atmel/studio/7.0/toolchain/arm/arm-gnu-toolchain/bin/../lib/gcc/arm-none-eabi/6.3.1/../../../../arm-none-eabi/lib/thumb/v7e-m\libc.a(lib_a-fini.o)
                                                  c:/program files (x86)/atmel/studio/7.0/toolchain/arm/arm-gnu-toolchain/bin/../lib/gcc/arm-none-eabi/6.3.1/../../../../arm-none-eabi/lib/thumb/v7e-m\libc.a(lib_a-__call_atexit.o)
                                                  c:/program files (x86)/atmel/studio/7.0/toolchain/arm/arm-gnu-toolchain/bin/../lib/gcc/arm-none-eabi/6.3.1/../../../../arm-none-eabi/lib/thumb/v7e-m/crt0.o
__libc_init_array                                 c:/program files (x86)/atmel/studio/7.0/toolchain/arm/arm-gnu-toolchain/bin/../lib/gcc/arm-none-eabi/6.3.1/../../../../arm-none-eabi/lib/thumb/v7e-m\libc.a(lib_a-init.o)
                                                  src/ASF/sam/utils/cmsis/samv71/source/templates/gcc/startup_samv71.o
                                                  c:/program files (x86)/atmel/studio/7.0/toolchain/arm/arm-gnu-toolchain/bin/../lib/gcc/arm-none-eabi/6.3.1/../../../../arm-none-eabi/lib/thumb/v7e-m/crt0.o
__lock___arc4random_mutex                         c:/program files (x86)/atmel/studio/7.0/toolchain/arm/arm-gnu-toolchain/bin/../lib/gcc/arm-none-eabi/6.3.1/../../../../arm-none-eabi/lib/thumb/v7e-m\libc.a(lib_a-lock.o)
__lock___at_quick_exit_mutex                      c:/program files (x86)/atmel/studio/7.0/toolchain/arm/arm-gnu-toolchain/bin/../lib/gcc/arm-none-eabi/6.3.1/../../../../arm-none-eabi/lib/thumb/v7e-m\libc.a(lib_a-lock.o)
__lock___atexit_recursive_mutex                   c:/program files (x86)/atmel/studio/7.0/toolchain/arm/arm-gnu-toolchain/bin/../lib/gcc/arm-none-eabi/6.3.1/../../../../arm-none-eabi/lib/thumb/v7e-m\libc.a(lib_a-lock.o)
                                                  c:/program files (x86)/atmel/studio/7.0/toolchain/arm/arm-gnu-toolchain/bin/../lib/gcc/arm-none-eabi/6.3.1/../../../../arm-none-eabi/lib/thumb/v7e-m\libc.a(lib_a-__call_atexit.o)
__lock___dd_hash_mutex                            c:/program files (x86)/atmel/studio/7.0/toolchain/arm/arm-gnu-toolchain/bin/../lib/gcc/arm-none-eabi/6.3.1/../../../../arm-none-eabi/lib/thumb/v7e-m\libc.a(lib_a-lock.o)
__lock___env_recursive_mutex                      c:/program files (x86)/atmel/studio/7.0/toolchain/arm/arm-gnu-toolchain/bin/../lib/gcc/arm-none-eabi/6.3.1/../../../../arm-none-eabi/lib/thumb/v7e-m\libc.a(lib_a-lock.o)
__lock___malloc_recursive_mutex                   c:/program files (x86)/atmel/studio/7.0/toolchain/arm/arm-gnu-toolchain/bin/../lib/gcc/arm-none-eabi/6.3.1/../../../../arm-none-eabi/lib/thumb/v7e-m\libc.a(lib_a-lock.o)
__lock___sfp_recursive_mutex                      c:/program files (x86)/atmel/studio/7.0/toolchain/arm/arm-gnu-toolchain/bin/../lib/gcc/arm-none-eabi/6.3.1/../../../../arm-none-eabi/lib/thumb/v7e-m\libc.a(lib_a-lock.o)
__lock___sinit_recursive_mutex                    c:/program files (x86)/atmel/studio/7.0/toolchain/arm/arm-gnu-toolchain/bin/../lib/gcc/arm-none-eabi/6.3.1/../../../../arm-none-eabi/lib/thumb/v7e-m\libc.a(lib_a-lock.o)
__lock___tz_mutex                                 c:/program files (x86)/atmel/studio/7.0/toolchain/arm/arm-gnu-toolchain/bin/../lib/gcc/arm-none-eabi/6.3.1/../../../../arm-none-eabi/lib/thumb/v7e-m\libc.a(lib_a-lock.o)
__preinit_array_end                               c:/program files (x86)/atmel/studio/7.0/toolchain/arm/arm-gnu-toolchain/bin/../lib/gcc/arm-none-eabi/6.3.1/../../../../arm-none-eabi/lib/thumb/v7e-m\libc.a(lib_a-init.o)
__preinit_array_start                             c:/program files (x86)/atmel/studio/7.0/toolchain/arm/arm-gnu-toolchain/bin/../lib/gcc/arm-none-eabi/6.3.1/../../../../arm-none-eabi/lib/thumb/v7e-m\libc.a(lib_a-init.o)
__ram_end__                                       src/ASF/sam/utils/syscalls/gcc/syscalls.o
__register_exitproc                               c:/program files (x86)/atmel/studio/7.0/toolchain/arm/arm-gnu-toolchain/bin/../lib/gcc/arm-none-eabi/6.3.1/../../../../arm-none-eabi/lib/thumb/v7e-m\libc.a(lib_a-__atexit.o)
                                                  c:/program files (x86)/atmel/studio/7.0/toolchain/arm/arm-gnu-toolchain/bin/../lib/gcc/arm-none-eabi/6.3.1/../../../../arm-none-eabi/lib/thumb/v7e-m\libc.a(lib_a-atexit.o)
__register_frame_info                             c:/program files (x86)/atmel/studio/7.0/toolchain/arm/arm-gnu-toolchain/bin/../lib/gcc/arm-none-eabi/6.3.1/thumb/v7e-m/crtbegin.o
__retarget_lock_acquire                           c:/program files (x86)/atmel/studio/7.0/toolchain/arm/arm-gnu-toolchain/bin/../lib/gcc/arm-none-eabi/6.3.1/../../../../arm-none-eabi/lib/thumb/v7e-m\libc.a(lib_a-lock.o)
__retarget_lock_acquire_recursive                 c:/program files (x86)/atmel/studio/7.0/toolchain/arm/arm-gnu-toolchain/bin/../lib/gcc/arm-none-eabi/6.3.1/../../../../arm-none-eabi/lib/thumb/v7e-m\libc.a(lib_a-lock.o)
                                                  c:/program files (x86)/atmel/studio/7.0/toolchain/arm/arm-gnu-toolchain/bin/../lib/gcc/arm-none-eabi/6.3.1/../../../../arm-none-eabi/lib/thumb/v7e-m\libc.a(lib_a-__atexit.o)
                                                  c:/program files (x86)/atmel/studio/7.0/toolchain/arm/arm-gnu-toolchain/bin/../lib/gcc/arm-none-eabi/6.3.1/../../../../arm-none-eabi/lib/thumb/v7e-m\libc.a(lib_a-__call_atexit.o)
__retarget_lock_close                             c:/program files (x86)/atmel/studio/7.0/toolchain/arm/arm-gnu-toolchain/bin/../lib/gcc/arm-none-eabi/6.3.1/../../../../arm-none-eabi/lib/thumb/v7e-m\libc.a(lib_a-lock.o)
__retarget_lock_close_recursive                   c:/program files (x86)/atmel/studio/7.0/toolchain/arm/arm-gnu-toolchain/bin/../lib/gcc/arm-none-eabi/6.3.1/../../../../arm-none-eabi/lib/thumb/v7e-m\libc.a(lib_a-lock.o)
__retarget_lock_init                              c:/program files (x86)/atmel/studio/7.0/toolchain/arm/arm-gnu-toolchain/bin/../lib/gcc/arm-none-eabi/6.3.1/../../../../arm-none-eabi/lib/thumb/v7e-m\libc.a(lib_a-lock.o)
__retarget_lock_init_recursive                    c:/program files (x86)/atmel/studio/7.0/toolchain/arm/arm-gnu-toolchain/bin/../lib/gcc/arm-none-eabi/6.3.1/../../../../arm-none-eabi/lib/thumb/v7e-m\libc.a(lib_a-lock.o)
__retarget_lock_release                           c:/program files (x86)/atmel/studio/7.0/toolchain/arm/arm-gnu-toolchain/bin/../lib/gcc/arm-none-eabi/6.3.1/../../../../arm-none-eabi/lib/thumb/v7e-m\libc.a(lib_a-lock.o)
__retarget_lock_release_recursive                 c:/program files (x86)/atmel/studio/7.0/toolchain/arm/arm-gnu-toolchain/bin/../lib/gcc/arm-none-eabi/6.3.1/../../../../arm-none-eabi/lib/thumb/v7e-m\libc.a(lib_a-lock.o)
                                                  c:/program files (x86)/atmel/studio/7.0/toolchain/arm/arm-gnu-toolchain/bin/../lib/gcc/arm-none-eabi/6.3.1/../../../../arm-none-eabi/lib/thumb/v7e-m\libc.a(lib_a-__atexit.o)
                                                  c:/program files (x86)/atmel/studio/7.0/toolchain/arm/arm-gnu-toolchain/bin/../lib/gcc/arm-none-eabi/6.3.1/../../../../arm-none-eabi/lib/thumb/v7e-m\libc.a(lib_a-__call_atexit.o)
__retarget_lock_try_acquire                       c:/program files (x86)/atmel/studio/7.0/toolchain/arm/arm-gnu-toolchain/bin/../lib/gcc/arm-none-eabi/6.3.1/../../../../arm-none-eabi/lib/thumb/v7e-m\libc.a(lib_a-lock.o)
__retarget_lock_try_acquire_recursive             c:/program files (x86)/atmel/studio/7.0/toolchain/arm/arm-gnu-toolchain/bin/../lib/gcc/arm-none-eabi/6.3.1/../../../../arm-none-eabi/lib/thumb/v7e-m\libc.a(lib_a-lock.o)
__stack                                           c:/program files (x86)/atmel/studio/7.0/toolchain/arm/arm-gnu-toolchain/bin/../lib/gcc/arm-none-eabi/6.3.1/../../../../arm-none-eabi/lib/thumb/v7e-m/crt0.o
_close                                            src/ASF/sam/utils/syscalls/gcc/syscalls.o
_end                                              src/ASF/sam/utils/syscalls/gcc/syscalls.o
_erelocate                                        src/ASF/sam/utils/cmsis/samv71/source/templates/gcc/startup_samv71.o
_estack                                           src/ASF/sam/utils/cmsis/samv71/source/templates/gcc/startup_samv71.o
_etext                                            src/ASF/sam/utils/cmsis/samv71/source/templates/gcc/startup_samv71.o
_exit                                             src/ASF/sam/utils/syscalls/gcc/syscalls.o
                                                  c:/program files (x86)/atmel/studio/7.0/toolchain/arm/arm-gnu-toolchain/bin/../lib/gcc/arm-none-eabi/6.3.1/../../../../arm-none-eabi/lib/thumb/v7e-m\libc.a(lib_a-exit.o)
_ezero                                            src/ASF/sam/utils/cmsis/samv71/source/templates/gcc/startup_samv71.o
_fini                                             c:/program files (x86)/atmel/studio/7.0/toolchain/arm/arm-gnu-toolchain/bin/../lib/gcc/arm-none-eabi/6.3.1/thumb/v7e-m/crti.o
                                                  c:/program files (x86)/atmel/studio/7.0/toolchain/arm/arm-gnu-toolchain/bin/../lib/gcc/arm-none-eabi/6.3.1/../../../../arm-none-eabi/lib/thumb/v7e-m\libc.a(lib_a-fini.o)
_fstat                                            src/ASF/sam/utils/syscalls/gcc/syscalls.o
_getpid                                           src/ASF/sam/utils/syscalls/gcc/syscalls.o
_global_impure_ptr                                c:/program files (x86)/atmel/studio/7.0/toolchain/arm/arm-gnu-toolchain/bin/../lib/gcc/arm-none-eabi/6.3.1/../../../../arm-none-eabi/lib/thumb/v7e-m\libc.a(lib_a-impure.o)
                                                  c:/program files (x86)/atmel/studio/7.0/toolchain/arm/arm-gnu-toolchain/bin/../lib/gcc/arm-none-eabi/6.3.1/../../../../arm-none-eabi/lib/thumb/v7e-m\libc.a(lib_a-__atexit.o)
                                                  c:/program files (x86)/atmel/studio/7.0/toolchain/arm/arm-gnu-toolchain/bin/../lib/gcc/arm-none-eabi/6.3.1/../../../../arm-none-eabi/lib/thumb/v7e-m\libc.a(lib_a-__call_atexit.o)
                                                  c:/program files (x86)/atmel/studio/7.0/toolchain/arm/arm-gnu-toolchain/bin/../lib/gcc/arm-none-eabi/6.3.1/../../../../arm-none-eabi/lib/thumb/v7e-m\libc.a(lib_a-exit.o)
_impure_ptr                                       c:/program files (x86)/atmel/studio/7.0/toolchain/arm/arm-gnu-toolchain/bin/../lib/gcc/arm-none-eabi/6.3.1/../../../../arm-none-eabi/lib/thumb/v7e-m\libc.a(lib_a-impure.o)
_init                                             c:/program files (x86)/atmel/studio/7.0/toolchain/arm/arm-gnu-toolchain/bin/../lib/gcc/arm-none-eabi/6.3.1/thumb/v7e-m/crti.o
                                                  c:/program files (x86)/atmel/studio/7.0/toolchain/arm/arm-gnu-toolchain/bin/../lib/gcc/arm-none-eabi/6.3.1/../../../../arm-none-eabi/lib/thumb/v7e-m\libc.a(lib_a-init.o)
_isatty                                           src/ASF/sam/utils/syscalls/gcc/syscalls.o
_kill                                             src/ASF/sam/utils/syscalls/gcc/syscalls.o
_lseek                                            src/ASF/sam/utils/syscalls/gcc/syscalls.o
_mainCRTStartup                                   c:/program files (x86)/atmel/studio/7.0/toolchain/arm/arm-gnu-toolchain/bin/../lib/gcc/arm-none-eabi/6.3.1/../../../../arm-none-eabi/lib/thumb/v7e-m/crt0.o
_sbrk                                             src/ASF/sam/utils/syscalls/gcc/syscalls.o
_sfixed                                           src/ASF/sam/utils/cmsis/samv71/source/templates/gcc/startup_samv71.o
_srelocate                                        src/ASF/sam/utils/cmsis/samv71/source/templates/gcc/startup_samv71.o
_start                                            c:/program files (x86)/atmel/studio/7.0/toolchain/arm/arm-gnu-toolchain/bin/../lib/gcc/arm-none-eabi/6.3.1/../../../../arm-none-eabi/lib/thumb/v7e-m/crt0.o
_szero                                            src/ASF/sam/utils/cmsis/samv71/source/templates/gcc/startup_samv71.o
atexit                                            c:/program files (x86)/atmel/studio/7.0/toolchain/arm/arm-gnu-toolchain/bin/../lib/gcc/arm-none-eabi/6.3.1/../../../../arm-none-eabi/lib/thumb/v7e-m\libc.a(lib_a-atexit.o)
                                                  c:/program files (x86)/atmel/studio/7.0/toolchain/arm/arm-gnu-toolchain/bin/../lib/gcc/arm-none-eabi/6.3.1/../../../../arm-none-eabi/lib/thumb/v7e-m\libc.a(lib_a-__call_atexit.o)
                                                  c:/program files (x86)/atmel/studio/7.0/toolchain/arm/arm-gnu-toolchain/bin/../lib/gcc/arm-none-eabi/6.3.1/../../../../arm-none-eabi/lib/thumb/v7e-m/crt0.o
board_init                                        src/ASF/sam/boards/samv71_xplained_ultra/init.o
                                                  src/ioport_example1.o
cpu_irq_enter_critical                            src/ASF/common/utils/interrupt/interrupt_sam_nvic.o
cpu_irq_leave_critical                            src/ASF/common/utils/interrupt/interrupt_sam_nvic.o
exception_table                                   src/ASF/sam/utils/cmsis/samv71/source/templates/gcc/startup_samv71.o
exit                                              c:/program files (x86)/atmel/studio/7.0/toolchain/arm/arm-gnu-toolchain/bin/../lib/gcc/arm-none-eabi/6.3.1/../../../../arm-none-eabi/lib/thumb/v7e-m\libc.a(lib_a-exit.o)
                                                  c:/program files (x86)/atmel/studio/7.0/toolchain/arm/arm-gnu-toolchain/bin/../lib/gcc/arm-none-eabi/6.3.1/../../../../arm-none-eabi/lib/thumb/v7e-m/crt0.o
free                                              c:/program files (x86)/atmel/studio/7.0/toolchain/arm/arm-gnu-toolchain/bin/../lib/gcc/arm-none-eabi/6.3.1/../../../../arm-none-eabi/lib/thumb/v7e-m\libc.a(lib_a-__call_atexit.o)
g_interrupt_enabled                               src/ASF/common/utils/interrupt/interrupt_sam_nvic.o
                                                  src/ASF/sam/utils/cmsis/samv71/source/templates/gcc/startup_samv71.o
                                                  src/ASF/sam/drivers/pmc/sleep.o
                                                  src/ASF/sam/drivers/mpu/mpu.o
hardware_init_hook                                c:/program files (x86)/atmel/studio/7.0/toolchain/arm/arm-gnu-toolchain/bin/../lib/gcc/arm-none-eabi/6.3.1/../../../../arm-none-eabi/lib/thumb/v7e-m/crt0.o
link                                              src/ASF/sam/utils/syscalls/gcc/syscalls.o
main                                              src/ioport_example1.o
                                                  src/ASF/sam/utils/cmsis/samv71/source/templates/gcc/startup_samv71.o
                                                  c:/program files (x86)/atmel/studio/7.0/toolchain/arm/arm-gnu-toolchain/bin/../lib/gcc/arm-none-eabi/6.3.1/../../../../arm-none-eabi/lib/thumb/v7e-m/crt0.o
malloc                                            c:/program files (x86)/atmel/studio/7.0/toolchain/arm/arm-gnu-toolchain/bin/../lib/gcc/arm-none-eabi/6.3.1/../../../../arm-none-eabi/lib/thumb/v7e-m\libc.a(lib_a-__atexit.o)
memset                                            c:/program files (x86)/atmel/studio/7.0/toolchain/arm/arm-gnu-toolchain/bin/../lib/gcc/arm-none-eabi/6.3.1/../../../../arm-none-eabi/lib/thumb/v7e-m\libc.a(lib_a-memset.o)
                                                  c:/program files (x86)/atmel/studio/7.0/toolchain/arm/arm-gnu-toolchain/bin/../lib/gcc/arm-none-eabi/6.3.1/../../../../arm-none-eabi/lib/thumb/v7e-m/crt0.o
mpu_cal_mpu_region_size                           src/ASF/sam/drivers/mpu/mpu.o
mpu_disable_region                                src/ASF/sam/drivers/mpu/mpu.o
mpu_enable                                        src/ASF/sam/drivers/mpu/mpu.o
mpu_set_region                                    src/ASF/sam/drivers/mpu/mpu.o
mpu_set_region_num                                src/ASF/sam/drivers/mpu/mpu.o
mpu_update_regions                                src/ASF/sam/drivers/mpu/mpu.o
pio_capture_disable                               src/ASF/sam/drivers/pio/pio.o
pio_capture_disable_interrupt                     src/ASF/sam/drivers/pio/pio.o
pio_capture_enable                                src/ASF/sam/drivers/pio/pio.o
pio_capture_enable_flag                           src/ASF/sam/drivers/pio/pio.o
pio_capture_enable_interrupt                      src/ASF/sam/drivers/pio/pio.o
pio_capture_get_interrupt_mask                    src/ASF/sam/drivers/pio/pio.o
pio_capture_get_interrupt_status                  src/ASF/sam/drivers/pio/pio.o
pio_capture_read                                  src/ASF/sam/drivers/pio/pio.o
pio_capture_set_mode                              src/ASF/sam/drivers/pio/pio.o
pio_clear                                         src/ASF/sam/drivers/pio/pio.o
pio_configure                                     src/ASF/sam/drivers/pio/pio.o
pio_configure_interrupt                           src/ASF/sam/drivers/pio/pio.o
                                                  src/ASF/sam/drivers/pio/pio_handler.o
pio_configure_pin                                 src/ASF/sam/drivers/pio/pio.o
pio_configure_pin_group                           src/ASF/sam/drivers/pio/pio.o
pio_disable_interrupt                             src/ASF/sam/drivers/pio/pio.o
                                                  src/ASF/sam/drivers/pio/pio_handler.o
pio_disable_output_write                          src/ASF/sam/drivers/pio/pio.o
pio_disable_pin_interrupt                         src/ASF/sam/drivers/pio/pio.o
pio_enable_interrupt                              src/ASF/sam/drivers/pio/pio.o
                                                  src/ASF/sam/drivers/pio/pio_handler.o
pio_enable_output_write                           src/ASF/sam/drivers/pio/pio.o
pio_enable_pin_interrupt                          src/ASF/sam/drivers/pio/pio.o
pio_get                                           src/ASF/sam/drivers/pio/pio.o
pio_get_interrupt_mask                            src/ASF/sam/drivers/pio/pio.o
                                                  src/ASF/sam/drivers/pio/pio_handler.o
pio_get_interrupt_status                          src/ASF/sam/drivers/pio/pio.o
                                                  src/ASF/sam/drivers/pio/pio_handler.o
pio_get_multi_driver_status                       src/ASF/sam/drivers/pio/pio.o
pio_get_output_data_status                        src/ASF/sam/drivers/pio/pio.o
pio_get_output_write_status                       src/ASF/sam/drivers/pio/pio.o
pio_get_pin_group                                 src/ASF/sam/drivers/pio/pio.o
                                                  src/ASF/sam/drivers/pio/pio_handler.o
pio_get_pin_group_id                              src/ASF/sam/drivers/pio/pio.o
                                                  src/ASF/sam/drivers/pio/pio_handler.o
pio_get_pin_group_mask                            src/ASF/sam/drivers/pio/pio.o
                                                  src/ASF/sam/drivers/pio/pio_handler.o
pio_get_pin_value                                 src/ASF/sam/drivers/pio/pio.o
pio_get_schmitt_trigger                           src/ASF/sam/drivers/pio/pio.o
pio_get_writeprotect_status                       src/ASF/sam/drivers/pio/pio.o
pio_handler_process                               src/ASF/sam/drivers/pio/pio_handler.o
pio_handler_set                                   src/ASF/sam/drivers/pio/pio_handler.o
pio_handler_set_pin                               src/ASF/sam/drivers/pio/pio_handler.o
pio_handler_set_priority                          src/ASF/sam/drivers/pio/pio_handler.o
pio_pull_down                                     src/ASF/sam/drivers/pio/pio.o
pio_pull_up                                       src/ASF/sam/drivers/pio/pio.o
pio_set                                           src/ASF/sam/drivers/pio/pio.o
pio_set_additional_interrupt_mode                 src/ASF/sam/drivers/pio/pio.o
pio_set_debounce_filter                           src/ASF/sam/drivers/pio/pio.o
pio_set_input                                     src/ASF/sam/drivers/pio/pio.o
pio_set_io_drive                                  src/ASF/sam/drivers/pio/pio.o
pio_set_multi_driver                              src/ASF/sam/drivers/pio/pio.o
pio_set_output                                    src/ASF/sam/drivers/pio/pio.o
pio_set_peripheral                                src/ASF/sam/drivers/pio/pio.o
pio_set_pin_group_high                            src/ASF/sam/drivers/pio/pio.o
pio_set_pin_group_low                             src/ASF/sam/drivers/pio/pio.o
pio_set_pin_high                                  src/ASF/sam/drivers/pio/pio.o
pio_set_pin_low                                   src/ASF/sam/drivers/pio/pio.o
pio_set_schmitt_trigger                           src/ASF/sam/drivers/pio/pio.o
pio_set_writeprotect                              src/ASF/sam/drivers/pio/pio.o
pio_sync_output_write                             src/ASF/sam/drivers/pio/pio.o
pio_toggle_pin                                    src/ASF/sam/drivers/pio/pio.o
pio_toggle_pin_group                              src/ASF/sam/drivers/pio/pio.o
pmc_clr_fast_startup_input                        src/ASF/sam/drivers/pmc/pmc.o
pmc_disable_all_pck                               src/ASF/sam/drivers/pmc/pmc.o
pmc_disable_all_periph_clk                        src/ASF/sam/drivers/pmc/pmc.o
pmc_disable_clock_failure_detector                src/ASF/sam/drivers/pmc/pmc.o
pmc_disable_interrupt                             src/ASF/sam/drivers/pmc/pmc.o
pmc_disable_pck                                   src/ASF/sam/drivers/pmc/pmc.o
pmc_disable_periph_clk                            src/ASF/sam/drivers/pmc/pmc.o
pmc_disable_pllack                                src/ASF/sam/drivers/pmc/pmc.o
                                                  src/ASF/sam/drivers/pmc/sleep.o
                                                  src/ASF/common/services/clock/samv71/sysclk.o
pmc_disable_sclk_osc_freq_monitor                 src/ASF/sam/drivers/pmc/pmc.o
pmc_disable_sleepwalking                          src/ASF/sam/drivers/pmc/pmc.o
pmc_disable_udpck                                 src/ASF/sam/drivers/pmc/pmc.o
                                                  src/ASF/common/services/clock/samv71/sysclk.o
pmc_disable_upll_clock                            src/ASF/sam/drivers/pmc/pmc.o
pmc_enable_all_pck                                src/ASF/sam/drivers/pmc/pmc.o
pmc_enable_all_periph_clk                         src/ASF/sam/drivers/pmc/pmc.o
pmc_enable_backupmode                             src/ASF/sam/drivers/pmc/pmc.o
pmc_enable_clock_failure_detector                 src/ASF/sam/drivers/pmc/pmc.o
pmc_enable_interrupt                              src/ASF/sam/drivers/pmc/pmc.o
pmc_enable_pck                                    src/ASF/sam/drivers/pmc/pmc.o
pmc_enable_periph_clk                             src/ASF/sam/drivers/pmc/pmc.o
                                                  src/ioport_example1.o
                                                  src/ASF/sam/boards/samv71_xplained_ultra/init.o
pmc_enable_pllack                                 src/ASF/sam/drivers/pmc/pmc.o
pmc_enable_sclk_osc_freq_monitor                  src/ASF/sam/drivers/pmc/pmc.o
pmc_enable_sleepmode                              src/ASF/sam/drivers/pmc/pmc.o
pmc_enable_sleepwalking                           src/ASF/sam/drivers/pmc/pmc.o
pmc_enable_udpck                                  src/ASF/sam/drivers/pmc/pmc.o
                                                  src/ASF/common/services/clock/samv71/sysclk.o
pmc_enable_upll_clock                             src/ASF/sam/drivers/pmc/pmc.o
                                                  src/ASF/common/services/clock/samv71/sysclk.o
pmc_enable_waitmode                               src/ASF/sam/drivers/pmc/pmc.o
                                                  src/ASF/sam/drivers/pmc/sleep.o
pmc_get_active_status0                            src/ASF/sam/drivers/pmc/pmc.o
pmc_get_active_status1                            src/ASF/sam/drivers/pmc/pmc.o
pmc_get_interrupt_mask                            src/ASF/sam/drivers/pmc/pmc.o
pmc_get_sleepwalking_status0                      src/ASF/sam/drivers/pmc/pmc.o
pmc_get_sleepwalking_status1                      src/ASF/sam/drivers/pmc/pmc.o
pmc_get_status                                    src/ASF/sam/drivers/pmc/pmc.o
pmc_get_writeprotect_status                       src/ASF/sam/drivers/pmc/pmc.o
pmc_is_locked_pllack                              src/ASF/sam/drivers/pmc/pmc.o
                                                  src/ASF/common/services/clock/samv71/sysclk.o
pmc_is_locked_upll                                src/ASF/sam/drivers/pmc/pmc.o
pmc_is_pck_enabled                                src/ASF/sam/drivers/pmc/pmc.o
pmc_is_periph_clk_enabled                         src/ASF/sam/drivers/pmc/pmc.o
pmc_is_wakeup_clocks_restored                     src/ASF/sam/drivers/pmc/sleep.o
pmc_mainck_osc_select                             src/ASF/sam/drivers/pmc/pmc.o
pmc_mck_set_division                              src/ASF/sam/drivers/pmc/pmc.o
                                                  src/ASF/common/services/clock/samv71/sysclk.o
pmc_mck_set_prescaler                             src/ASF/sam/drivers/pmc/pmc.o
                                                  src/ASF/common/services/clock/samv71/sysclk.o
pmc_mck_set_source                                src/ASF/sam/drivers/pmc/pmc.o
                                                  src/ASF/common/services/clock/samv71/sysclk.o
pmc_osc_bypass_main_xtal                          src/ASF/sam/drivers/pmc/pmc.o
pmc_osc_disable_fastrc                            src/ASF/sam/drivers/pmc/pmc.o
pmc_osc_disable_main_xtal                         src/ASF/sam/drivers/pmc/pmc.o
pmc_osc_disable_xtal                              src/ASF/sam/drivers/pmc/pmc.o
pmc_osc_enable_fastrc                             src/ASF/sam/drivers/pmc/pmc.o
pmc_osc_enable_main_xtal                          src/ASF/sam/drivers/pmc/pmc.o
pmc_osc_is_bypassed_main_xtal                     src/ASF/sam/drivers/pmc/pmc.o
pmc_osc_is_ready_32kxtal                          src/ASF/sam/drivers/pmc/pmc.o
pmc_osc_is_ready_fastrc                           src/ASF/sam/drivers/pmc/pmc.o
pmc_osc_is_ready_main_xtal                        src/ASF/sam/drivers/pmc/pmc.o
pmc_osc_is_ready_mainck                           src/ASF/sam/drivers/pmc/pmc.o
                                                  src/ASF/common/services/clock/samv71/sysclk.o
pmc_pck_set_prescaler                             src/ASF/sam/drivers/pmc/pmc.o
pmc_pck_set_source                                src/ASF/sam/drivers/pmc/pmc.o
pmc_set_fast_startup_input                        src/ASF/sam/drivers/pmc/pmc.o
pmc_set_flash_in_wait_mode                        src/ASF/sam/drivers/pmc/pmc.o
                                                  src/ASF/sam/drivers/pmc/sleep.o
pmc_set_writeprotect                              src/ASF/sam/drivers/pmc/pmc.o
pmc_sleep                                         src/ASF/sam/drivers/pmc/sleep.o
pmc_switch_mainck_to_fastrc                       src/ASF/sam/drivers/pmc/pmc.o
pmc_switch_mainck_to_xtal                         src/ASF/sam/drivers/pmc/pmc.o
                                                  src/ASF/common/services/clock/samv71/sysclk.o
pmc_switch_mck_to_mainck                          src/ASF/sam/drivers/pmc/pmc.o
pmc_switch_mck_to_pllack                          src/ASF/sam/drivers/pmc/pmc.o
                                                  src/ASF/common/services/clock/samv71/sysclk.o
pmc_switch_mck_to_sclk                            src/ASF/sam/drivers/pmc/pmc.o
pmc_switch_mck_to_upllck                          src/ASF/sam/drivers/pmc/pmc.o
pmc_switch_pck_to_mainck                          src/ASF/sam/drivers/pmc/pmc.o
pmc_switch_pck_to_mck                             src/ASF/sam/drivers/pmc/pmc.o
pmc_switch_pck_to_pllack                          src/ASF/sam/drivers/pmc/pmc.o
pmc_switch_pck_to_sclk                            src/ASF/sam/drivers/pmc/pmc.o
pmc_switch_pck_to_upllck                          src/ASF/sam/drivers/pmc/pmc.o
pmc_switch_sclk_to_32kxtal                        src/ASF/sam/drivers/pmc/pmc.o
pmc_switch_udpck_to_pllack                        src/ASF/sam/drivers/pmc/pmc.o
pmc_switch_udpck_to_upllck                        src/ASF/sam/drivers/pmc/pmc.o
                                                  src/ASF/common/services/clock/samv71/sysclk.o
pmc_wait_wakeup_clocks_restore                    src/ASF/sam/drivers/pmc/sleep.o
portable_delay_cycles                             src/ASF/common/services/delay/sam/cycle_counter.o
                                                  src/ioport_example1.o
software_init_hook                                c:/program files (x86)/atmel/studio/7.0/toolchain/arm/arm-gnu-toolchain/bin/../lib/gcc/arm-none-eabi/6.3.1/../../../../arm-none-eabi/lib/thumb/v7e-m/crt0.o
sysclk_disable_usb                                src/ASF/common/services/clock/samv71/sysclk.o
sysclk_enable_usb                                 src/ASF/common/services/clock/samv71/sysclk.o
sysclk_init                                       src/ASF/common/services/clock/samv71/sysclk.o
                                                  src/ioport_example1.o
sysclk_set_prescalers                             src/ASF/common/services/clock/samv71/sysclk.o
sysclk_set_source                                 src/ASF/common/services/clock/samv71/sysclk.o
system_init_flash                                 src/ASF/sam/utils/cmsis/samv71/source/templates/system_samv71.o
                                                  src/ASF/common/services/clock/samv71/sysclk.o
